Microchip MPLAB XC8 Compiler V2.40

Linker command line:

-W-3 \
  --edf=C:\Program Files\Microchip\xc8\v2.40\pic\dat\20220703182018_en.msgs \
  -cn -h+dist/default/production\Lab4master.X.production.sym \
  --cmf=dist/default/production\Lab4master.X.production.cmf -z -Q16F887 \
  -oC:\Users\Diego\AppData\Local\Temp\xcAsib8.4 --defsym=__MPLAB_BUILD=1 \
  --fixupoverflow=error \
  -Mdist/default/production/Lab4master.X.production.map \
  --md=C:\Users\Diego\AppData\Local\Temp\xcAsib8.dat -E1 -ver=XC8 Compiler \
  --acfsm=1493 -ACODE=00h-07FFhx4 -ASTRCODE=00h-01FFFh -ASTRING=00h-0FFhx32 \
  -ACONST=00h-0FFhx32 -AENTRY=00h-0FFhx32 -ACOMMON=070h-07Fh \
  -ABANK0=020h-06Fh -ABANK1=0A0h-0EFh -ABANK2=0110h-016Fh \
  -ABANK3=0190h-01EFh -ARAM=020h-06Fh,0A0h-0EFh,0110h-016Fh,0190h-01EFh \
  -AABS1=020h-07Fh,0A0h-0EFh,0110h-016Fh,0190h-01EFh -ASFR0=00h-01Fh \
  -ASFR1=080h-09Fh -ASFR2=0100h-010Fh -ASFR3=0180h-018Fh \
  -ACONFIG=02007h-02008h -DCONFIG=2 -AIDLOC=02000h-02003h -DIDLOC=2 \
  -AEEDATA=00h-0FFh/02100h -peeprom_data=EEDATA -DEEDATA=2 -DCODE=2 \
  -DSTRCODE=2 -DSTRING=2 -DCONST=2 -DENTRY=2 \
  -preset_vec=00h,intentry,init,end_init -ppowerup=CODE -pcinit=CODE \
  -pfunctab=ENTRY -k C:\Users\Diego\AppData\Local\Temp\xcAsib8.o \
  dist/default/production\Lab4master.X.production.o 

Object code version is 3.11

Machine type is 16F887



                Name                               Link     Load   Length Selector   Space Scale
C:\Users\Diego\AppData\Local\Temp\xcAsib8.o
                end_init                              0        0        3        0       0
                config                             2007     2007        2        0       4
                idloc                              2000     2000        4        0       5
dist/default/production\Lab4master.X.production.o
                cinit                               7E7      7E7       19      FCE       0
                config                             2007     2007        2        0       4
                idloc                              2000     2000        4        0       5
                text21                              4A8      4A8       66      950       0
                text20                              346      346       31      68C       0
                text19                              206      206        D      40C       0
                text18                              2E8      2E8       2E      5D0       0
                text17                              1E1      1E1        9      3C2       0
                text16                              1EA      1EA        9      3D4       0
                text15                              1F3      1F3        9      3E6       0
                text14                              1FC      1FC        A      3F8       0
                text13                              2C6      2C6       22      58C       0
                text12                              251      251       1A      4A2       0
                text11                              44B      44B       5D      896       0
                text10                              3AC      3AC       46      758       0
                text9                               377      377       35      6EE       0
                text8                               2A5      2A5       21      54A       0
                text7                               50E      50E       67      A1C       0
                text6                               3F2      3F2       59      7E4       0
                text5                               226      226       15      44C       0
                text4                               23B      23B       16      476       0
                text3                               6A4      6A4      143      D48       0
                text2                               316      316       30      62C       0
                text1                               26B      26B       1A      4D6       0
                maintext                            575      575      12F      AEA       0
                cstackBANK0                          40       40        B       20       1
                cstackCOMMON                         70       70        E       70       1
                inittext                            213      213       13      426       0
                dataBANK0                            20       20       20       20       1
                bssBANK0                             4B       4B        7       20       1
                idataBANK0                          285      285       20      50A       0

TOTAL           Name                               Link     Load   Length     Space
        CLASS   CODE           
                end_init                              0        0        3         0
                cinit                               7E7      7E7       19         0
                text21                              4A8      4A8       66         0
                text20                              346      346       31         0
                text19                              206      206        D         0
                text18                              2E8      2E8       2E         0
                text17                              1E1      1E1        9         0
                text16                              1EA      1EA        9         0
                text15                              1F3      1F3        9         0
                text14                              1FC      1FC        A         0
                text13                              2C6      2C6       22         0
                text12                              251      251       1A         0
                text11                              44B      44B       5D         0
                text10                              3AC      3AC       46         0
                text9                               377      377       35         0
                text8                               2A5      2A5       21         0
                text7                               50E      50E       67         0
                text6                               3F2      3F2       59         0
                text5                               226      226       15         0
                text4                               23B      23B       16         0
                text3                               6A4      6A4      143         0
                text2                               316      316       30         0
                text1                               26B      26B       1A         0
                maintext                            575      575      12F         0
                inittext                            213      213       13         0
                idataBANK0                          285      285       20         0

        CLASS   STRCODE        

        CLASS   STRING         

        CLASS   CONST          

        CLASS   ENTRY          

        CLASS   COMMON         
                cstackCOMMON                         70       70        E         1

        CLASS   BANK0          
                cstackBANK0                          40       40        B         1
                dataBANK0                            20       20       20         1
                bssBANK0                             4B       4B        7         1

        CLASS   BANK1          

        CLASS   BANK2          

        CLASS   BANK3          

        CLASS   RAM            

        CLASS   ABS1           
                abs_s1                               7E       7E        2         1

        CLASS   SFR0           

        CLASS   SFR1           

        CLASS   SFR2           

        CLASS   SFR3           

        CLASS   CONFIG         
                config                             2007     2007        2         4

        CLASS   IDLOC          
                idloc                              2000     2000        4         5

        CLASS   EEDATA         

        CLASS   STACK          



SEGMENTS        Name                           Load    Length   Top    Selector   Space  Class     Delta

                reset_vec                      000000  000003  000003         0       0  CODE        2
                dataBANK0                      000020  000032  000052        20       1  BANK0       1
                cstackCOMMON                   000070  00000E  00007E        70       1  COMMON      1
                text17                         0001E1  000009  0001EA       3C2       0  CODE        2
                text16                         0001EA  000009  0001F3       3D4       0  CODE        2
                text15                         0001F3  000009  0001FC       3E6       0  CODE        2
                text14                         0001FC  00000A  000206       3F8       0  CODE        2
                text19                         000206  00000D  000213       40C       0  CODE        2
                inittext                       000213  000013  000226       426       0  CODE        2
                text5                          000226  000015  00023B       44C       0  CODE        2
                text4                          00023B  000016  000251       476       0  CODE        2
                text12                         000251  00001A  00026B       4A2       0  CODE        2
                text1                          00026B  00001A  000285       4D6       0  CODE        2
                idataBANK0                     000285  000020  0002A5       50A       0  CODE        2
                text8                          0002A5  000021  0002C6       54A       0  CODE        2
                text13                         0002C6  000022  0002E8       58C       0  CODE        2
                text18                         0002E8  00002E  000316       5D0       0  CODE        2
                text2                          000316  000030  000346       62C       0  CODE        2
                text20                         000346  000031  000377       68C       0  CODE        2
                text9                          000377  000035  0003AC       6EE       0  CODE        2
                text10                         0003AC  000046  0003F2       758       0  CODE        2
                text6                          0003F2  000059  00044B       7E4       0  CODE        2
                text11                         00044B  00005D  0004A8       896       0  CODE        2
                text21                         0004A8  000066  00050E       950       0  CODE        2
                text7                          00050E  000067  000575       A1C       0  CODE        2
                maintext                       000575  00012F  0006A4       AEA       0  CODE        2
                text3                          0006A4  000143  0007E7       D48       0  CODE        2
                cinit                          0007E7  000019  000800       FCE       0  CODE        2


UNUSED ADDRESS RANGES

        Name                Unused          Largest block    Delta
        BANK0            0052-006F             1E           1
        BANK1            00A0-00EF             50           1
        BANK2            0110-016F             60           1
        BANK3            0190-01EF             60           1
        CODE             0003-01E0            1DE           2
                         0800-1FFF            800
        CONST            0003-01E0             FD           2
                         0800-1FFF            100
        EEDATA           2100-21FF            100           2
        ENTRY            0003-01E0             FD           2
                         0800-1FFF            100
        RAM              0052-006F             1E           1
                         00A0-00EF             50
                         0110-016F             60
                         0190-01EF             60
        SFR0             0000-001F             20           1
        SFR1             0080-009F             20           1
        SFR2             0100-010F             10           1
        SFR3             0180-018F             10           1
        STRCODE          0003-01E0            1DE           2
                         0800-1FFF           1800
        STRING           0003-01E0             FD           2
                         0800-1FFF            100

                                  Symbol Table

?_I2C_Master_Read                 cstackCOMMON 0070
?___awdiv                         cstackCOMMON 0070
?___awmod                         cstackCOMMON 0070
?___lldiv                         cstackCOMMON 0070
I2C_Init@i2c_clk_freq             cstackBANK0  0040
I2C_Master_Read@a                 cstackCOMMON 0070
I2C_Master_Read@temp              cstackCOMMON 0074
I2C_Master_Write@d                cstackCOMMON 0070
Lcd_Cmd@a                         cstackCOMMON 0073
Lcd_Port@a                        cstackCOMMON 0070
Lcd_Set_Cursor@a                  cstackCOMMON 0076
Lcd_Set_Cursor@b                  cstackCOMMON 0074
Lcd_Set_Cursor@temp               cstackCOMMON 0079
Lcd_Set_Cursor@y                  cstackCOMMON 0078
Lcd_Set_Cursor@z                  cstackCOMMON 0077
Lcd_Write_Char@a                  cstackCOMMON 0074
Lcd_Write_Char@temp               cstackCOMMON 0072
Lcd_Write_Char@y                  cstackCOMMON 0073
Lcd_Write_String@a                cstackCOMMON 0078
Lcd_Write_String@i                cstackCOMMON 0076
RTC_display@Date                  dataBANK0    0020
RTC_display@Time                  dataBANK0    0031
_ANSEL                            (abs)        0188
_ANSELH                           (abs)        0189
_GIE                              (abs)        005F
_I2C_Init                         text20       0346
_I2C_Master_Read                  text18       02E8
_I2C_Master_RepeatedStart         text17       01E1
_I2C_Master_Start                 text16       01EA
_I2C_Master_Stop                  text15       01F3
_I2C_Master_Wait                  text19       0206
_I2C_Master_Write                 text14       01FC
_Lcd_Cmd                          text12       0251
_Lcd_Init                         text11       044B
_Lcd_Port                         text13       02C6
_Lcd_Set_Cursor                   text10       03AC
_Lcd_Write_Char                   text9        0377
_Lcd_Write_String                 text8        02A5
_OSCCONbits                       (abs)        008F
_PEIE                             (abs)        005E
_PORTA                            (abs)        0005
_PORTB                            (abs)        0006
_PORTCbits                        (abs)        0007
_PORTD                            (abs)        0008
_RC7                              (abs)        003F
_RD4                              (abs)        0044
_RD5                              (abs)        0045
_RD6                              (abs)        0046
_RD7                              (abs)        0047
_RTC_display                      text3        06A4
_SSPADD                           (abs)        0093
_SSPBUF                           (abs)        0013
_SSPCON                           (abs)        0014
_SSPCON2                          (abs)        0091
_SSPCON2bits                      (abs)        0091
_SSPIE                            (abs)        0463
_SSPIF                            (abs)        0063
_SSPSTAT                          (abs)        0094
_TRISA                            (abs)        0085
_TRISB                            (abs)        0086
_TRISC1                           (abs)        0439
_TRISC2                           (abs)        043A
_TRISC3                           (abs)        043B
_TRISC4                           (abs)        043C
_TRISC6                           (abs)        043E
_TRISC7                           (abs)        043F
_TRISCbits                        (abs)        0087
_TRISD                            (abs)        0088
__Habs1                           abs1         0000
__Hbank0                          bank0        0000
__Hbank1                          bank1        0000
__Hbank2                          bank2        0000
__Hbank3                          bank3        0000
__HbssBANK0                       bssBANK0     0000
__Hcinit                          cinit        0800
__Hclrtext                        clrtext      0000
__Hcode                           code         0000
__Hcommon                         common       0000
__Hconfig                         config       2009
__HcstackBANK0                    cstackBANK0  0000
__HcstackCOMMON                   cstackCOMMON 0000
__HdataBANK0                      dataBANK0    0000
__Heeprom_data                    eeprom_data  0000
__Hend_init                       end_init     0003
__Hfunctab                        functab      0000
__HidataBANK0                     idataBANK0   0000
__Hidloc                          idloc        2004
__Hinit                           init         0000
__Hinittext                       inittext     0000
__Hintentry                       intentry     0000
__Hmaintext                       maintext     0000
__Hpowerup                        powerup      0000
__Hram                            ram          0000
__Hreset_vec                      reset_vec    0000
__Hsfr0                           sfr0         0000
__Hsfr1                           sfr1         0000
__Hsfr2                           sfr2         0000
__Hsfr3                           sfr3         0000
__Hspace_0                        (abs)        0800
__Hspace_1                        (abs)        007E
__Hspace_2                        (abs)        0000
__Hspace_3                        (abs)        0000
__Hspace_4                        (abs)        4010
__Hstack                          stack        0000
__Hstrings                        strings      0000
__Htext                           text         0000
__Labs1                           abs1         0000
__Lbank0                          bank0        0000
__Lbank1                          bank1        0000
__Lbank2                          bank2        0000
__Lbank3                          bank3        0000
__LbssBANK0                       bssBANK0     0000
__Lcinit                          cinit        07E7
__Lclrtext                        clrtext      0000
__Lcode                           code         0000
__Lcommon                         common       0000
__Lconfig                         config       0000
__LcstackBANK0                    cstackBANK0  0000
__LcstackCOMMON                   cstackCOMMON 0000
__LdataBANK0                      dataBANK0    0000
__Leeprom_data                    eeprom_data  0000
__Lend_init                       end_init     0000
__Lfunctab                        functab      0000
__LidataBANK0                     idataBANK0   0000
__Lidloc                          idloc        0000
__Linit                           init         0000
__Linittext                       inittext     0000
__Lintentry                       intentry     0000
__Lmaintext                       maintext     0000
__Lpowerup                        powerup      0000
__Lram                            ram          0000
__Lreset_vec                      reset_vec    0000
__Lsfr0                           sfr0         0000
__Lsfr1                           sfr1         0000
__Lsfr2                           sfr2         0000
__Lsfr3                           sfr3         0000
__Lspace_0                        (abs)        0000
__Lspace_1                        (abs)        0000
__Lspace_2                        (abs)        0000
__Lspace_3                        (abs)        0000
__Lspace_4                        (abs)        0000
__Lstack                          stack        0000
__Lstrings                        strings      0000
__Ltext                           text         0000
__S0                              (abs)        0800
__S1                              (abs)        007E
__S3                              (abs)        0000
___awdiv                          text7        050E
___awdiv@counter                  cstackCOMMON 0075
___awdiv@dividend                 cstackCOMMON 0072
___awdiv@divisor                  cstackCOMMON 0070
___awdiv@quotient                 cstackCOMMON 0077
___awdiv@sign                     cstackCOMMON 0076
___awmod                          text6        03F2
___awmod@counter                  cstackCOMMON 0075
___awmod@dividend                 cstackCOMMON 0072
___awmod@divisor                  cstackCOMMON 0070
___awmod@sign                     cstackCOMMON 0076
___bmul                           text5        0226
___bmul@multiplicand              cstackCOMMON 0070
___bmul@multiplier                cstackCOMMON 0073
___bmul@product                   cstackCOMMON 0072
___int_sp                         stack        0000
___latbits                        (abs)        0002
___lldiv                          text21       04A8
___lldiv@counter                  cstackCOMMON 007D
___lldiv@dividend                 cstackCOMMON 0074
___lldiv@divisor                  cstackCOMMON 0070
___lldiv@quotient                 cstackCOMMON 0079
___sp                             stack        0000
___stackhi                        (abs)        0000
___stacklo                        (abs)        0000
__end_of_I2C_Init                 text20       0377
__end_of_I2C_Master_Read          text18       0316
__end_of_I2C_Master_RepeatedStart text17       01EA
__end_of_I2C_Master_Start         text16       01F3
__end_of_I2C_Master_Stop          text15       01FC
__end_of_I2C_Master_Wait          text19       0213
__end_of_I2C_Master_Write         text14       0206
__end_of_Lcd_Cmd                  text12       026B
__end_of_Lcd_Init                 text11       04A8
__end_of_Lcd_Port                 text13       02E8
__end_of_Lcd_Set_Cursor           text10       03F2
__end_of_Lcd_Write_Char           text9        03AC
__end_of_Lcd_Write_String         text8        02C6
__end_of_RTC_display              text3        07E7
__end_of___awdiv                  text7        0575
__end_of___awmod                  text6        044B
__end_of___bmul                   text5        023B
__end_of___lldiv                  text21       050E
__end_of__initialization          cinit        07FC
__end_of_bcd_to_decimal           text4        0251
__end_of_decimal_to_bcd           text2        0346
__end_of_main                     maintext     06A4
__end_of_setup                    text1        0285
__initialization                  cinit        07E7
__pbssBANK0                       bssBANK0     004B
__pcstackBANK0                    cstackBANK0  0040
__pcstackCOMMON                   cstackCOMMON 0070
__pdataBANK0                      dataBANK0    0020
__pidataBANK0                     idataBANK0   0285
__pmaintext                       maintext     0575
__ptext1                          text1        026B
__ptext10                         text10       03AC
__ptext11                         text11       044B
__ptext12                         text12       0251
__ptext13                         text13       02C6
__ptext14                         text14       01FC
__ptext15                         text15       01F3
__ptext16                         text16       01EA
__ptext17                         text17       01E1
__ptext18                         text18       02E8
__ptext19                         text19       0206
__ptext2                          text2        0316
__ptext20                         text20       0346
__ptext21                         text21       04A8
__ptext3                          text3        06A4
__ptext4                          text4        023B
__ptext5                          text5        0226
__ptext6                          text6        03F2
__ptext7                          text7        050E
__ptext8                          text8        02A5
__ptext9                          text9        0377
_bcd_to_decimal                   text4        023B
_decimal_to_bcd                   text2        0316
_hour                             bssBANK0     004E
_m_day                            bssBANK0     004D
_main                             maintext     0575
_minute                           bssBANK0     004F
_month                            bssBANK0     004C
_second                           bssBANK0     0050
_setup                            text1        026B
_year                             bssBANK0     004B
bcd_to_decimal@number             cstackCOMMON 0076
btemp                             (abs)        007E
decimal_to_bcd@number             cstackBANK0  0040
end_of_initialization             cinit        07FC
init_fetch0                       inittext     0213
init_ram0                         inittext     0217
intlevel0                         functab      0000
intlevel1                         functab      0000
intlevel2                         functab      0000
intlevel3                         functab      0000
intlevel4                         functab      0000
intlevel5                         functab      0000
reset_vec                         reset_vec    0000
start                             init         0000
start_initialization              cinit        07E7
wtemp0                            (abs)        007E


MODULE INFORMATION

Module		Function		Class		Link	Load	Size
C:\Program Files\Microchip\xc8\v2.40\pic\sources\c90\common\Umul8.c
		___bmul        		CODE           	0226	0000	21

C:\Program Files\Microchip\xc8\v2.40\pic\sources\c90\common\Umul8.c estimated size: 21

C:\Program Files\Microchip\xc8\v2.40\pic\sources\c90\common\awdiv.c
		___awdiv       		CODE           	050E	0000	103

C:\Program Files\Microchip\xc8\v2.40\pic\sources\c90\common\awdiv.c estimated size: 103

I2C.c
		_I2C_Master_Read		CODE           	02E8	0000	46
		_I2C_Master_Wait		CODE           	0206	0000	13
		_I2C_Master_Stop		CODE           	01F3	0000	9
		_I2C_Master_RepeatedStart		CODE           	01E1	0000	9
		_I2C_Master_Write		CODE           	01FC	0000	10
		_I2C_Master_Start		CODE           	01EA	0000	9

I2C.c estimated size: 96

C:\Program Files\Microchip\xc8\v2.40\pic\sources\c90\common\__lldiv.c
		___lldiv       		CODE           	04A8	0000	102

C:\Program Files\Microchip\xc8\v2.40\pic\sources\c90\common\__lldiv.c estimated size: 102

shared
		__initialization		CODE           	07E7	0000	21

shared estimated size: 21

C:\Program Files\Microchip\xc8\v2.40\pic\sources\c90\common\awmod.c
		___awmod       		CODE           	03F2	0000	89

C:\Program Files\Microchip\xc8\v2.40\pic\sources\c90\common\awmod.c estimated size: 89

Lab4master.c
		_RTC_display   		CODE           	06A4	0000	323
		_decimal_to_bcd		CODE           	0316	0000	48
		_main          		CODE           	0575	0000	303
		_bcd_to_decimal		CODE           	023B	0000	22
		_I2C_Init      		CODE           	0346	0000	49
		_setup         		CODE           	026B	0000	26

Lab4master.c estimated size: 771

LCD.c
		_Lcd_Write_String		CODE           	02A5	0000	33
		_Lcd_Init      		CODE           	044B	0000	93
		_Lcd_Write_Char		CODE           	0377	0000	53
		_Lcd_Cmd       		CODE           	0251	0000	26
		_Lcd_Set_Cursor		CODE           	03AC	0000	70
		_Lcd_Port      		CODE           	02C6	0000	34

LCD.c estimated size: 309

