Microchip MPLAB XC8 Compiler V2.40

Linker command line:

-W-3 \
  --edf=C:\Program Files\Microchip\xc8\v2.40\pic\dat\20220703182018_en.msgs \
  -cn -h+dist/default/production\Lab3slave.X.production.sym \
  --cmf=dist/default/production\Lab3slave.X.production.cmf -z -Q16F887 \
  -oC:\Users\Diego\AppData\Local\Temp\xcAst8.4 --defsym=__MPLAB_BUILD=1 \
  --fixupoverflow=error \
  -Mdist/default/production/Lab3slave.X.production.map \
  --md=C:\Users\Diego\AppData\Local\Temp\xcAst8.dat -E1 -ver=XC8 Compiler \
  --acfsm=1493 -ACODE=00h-07FFhx4 -ASTRCODE=00h-01FFFh -ASTRING=00h-0FFhx32 \
  -ACONST=00h-0FFhx32 -AENTRY=00h-0FFhx32 -ACOMMON=070h-07Fh \
  -ABANK0=020h-06Fh -ABANK1=0A0h-0EFh -ABANK2=0110h-016Fh \
  -ABANK3=0190h-01EFh -ARAM=020h-06Fh,0A0h-0EFh,0110h-016Fh,0190h-01EFh \
  -AABS1=020h-07Fh,0A0h-0EFh,0110h-016Fh,0190h-01EFh -ASFR0=00h-01Fh \
  -ASFR1=080h-09Fh -ASFR2=0100h-010Fh -ASFR3=0180h-018Fh \
  -ACONFIG=02007h-02008h -DCONFIG=2 -AIDLOC=02000h-02003h -DIDLOC=2 \
  -AEEDATA=00h-0FFh/02100h -peeprom_data=EEDATA -DEEDATA=2 -DCODE=2 \
  -DSTRCODE=2 -DSTRING=2 -DCONST=2 -DENTRY=2 \
  -preset_vec=00h,intentry=04h,init,end_init -ppowerup=CODE -pcinit=CODE \
  -pfunctab=ENTRY -k C:\Users\Diego\AppData\Local\Temp\xcAst8.o \
  dist/default/production\Lab3slave.X.production.o 

Object code version is 3.11

Machine type is 16F887



                Name                               Link     Load   Length Selector   Space Scale
C:\Users\Diego\AppData\Local\Temp\xcAst8.o
                end_init                              E        E        3        8       0
                reset_vec                             0        0        3        0       0
                config                             2007     2007        2        0       4
                idloc                              2000     2000        4        0       5
dist/default/production\Lab3slave.X.production.o
                cinit                                11       11        D        8       0
                intentry                              4        4        A        8       0
                config                             2007     2007        2        0       4
                idloc                              2000     2000        4        0       5
                text14                              3D6      3D6       67        8       0
                text13                              582      582        7        8       0
                text12                              571      571        9        8       0
                text11                              589      589        6        8       0
                text10                              360      360       76        8       0
                text9                               19B      19B       B8        8       0
                text8                               253      253       95        8       0
                text7                               2E8      2E8       78        8       0
                text6                               4A3      4A3       46        8       0
                text5                               52C      52C       27        8       0
                text4                                E1       E1       BA        8       0
                text3                               43D      43D       66        8       0
                text2                               553      553       1E        8       0
                text1                               4E9      4E9       43        8       0
                maintext                             1E       1E       C3        8       0
                cstackBANK0                          20       20       39       20       1
                cstackCOMMON                         70       70        E       70       1
                cstackBANK1                          A0       A0        6       A0       1
                clrtext                             57A      57A        8        8       0
                bssBANK0                             59       59       10       20       1

TOTAL           Name                               Link     Load   Length     Space
        CLASS   CODE           
                end_init                              E        E        3         0
                cinit                                11       11        D         0
                intentry                              4        4        A         0
                reset_vec                             0        0        3         0
                text14                              3D6      3D6       67         0
                text13                              582      582        7         0
                text12                              571      571        9         0
                text11                              589      589        6         0
                text10                              360      360       76         0
                text9                               19B      19B       B8         0
                text8                               253      253       95         0
                text7                               2E8      2E8       78         0
                text6                               4A3      4A3       46         0
                text5                               52C      52C       27         0
                text4                                E1       E1       BA         0
                text3                               43D      43D       66         0
                text2                               553      553       1E         0
                text1                               4E9      4E9       43         0
                maintext                             1E       1E       C3         0
                clrtext                             57A      57A        8         0

        CLASS   STRCODE        

        CLASS   STRING         

        CLASS   CONST          

        CLASS   ENTRY          

        CLASS   COMMON         
                cstackCOMMON                         70       70        E         1

        CLASS   BANK0          
                cstackBANK0                          20       20       39         1
                bssBANK0                             59       59       10         1

        CLASS   BANK1          
                cstackBANK1                          A0       A0        6         1

        CLASS   BANK2          

        CLASS   BANK3          

        CLASS   RAM            

        CLASS   ABS1           
                abs_s1                               7E       7E        2         1

        CLASS   SFR0           

        CLASS   SFR1           

        CLASS   SFR2           

        CLASS   SFR3           

        CLASS   CONFIG         
                config                             2007     2007        2         4

        CLASS   IDLOC          
                idloc                              2000     2000        4         5

        CLASS   EEDATA         

        CLASS   STACK          



SEGMENTS        Name                           Load    Length   Top    Selector   Space  Class     Delta

                reset_vec                      000000  000003  000003         0       0  CODE        2
                intentry                       000004  00058B  00058F         8       0  CODE        2
                cstackBANK0                    000020  000049  000069        20       1  BANK0       1
                cstackCOMMON                   000070  00000E  00007E        70       1  COMMON      1
                cstackBANK1                    0000A0  000006  0000A6        A0       1  BANK1       1


UNUSED ADDRESS RANGES

        Name                Unused          Largest block    Delta
        BANK0            0069-006F              7           1
        BANK1            00A6-00EF             4A           1
        BANK2            0110-016F             60           1
        BANK3            0190-01EF             60           1
        CODE             0003-0003              1           2
                         058F-1FFF            800
        CONST            0003-0003              1           2
                         058F-1FFF            100
        EEDATA           2100-21FF            100           2
        ENTRY            0003-0003              1           2
                         058F-1FFF            100
        RAM              0069-006F              7           1
                         00A6-00EF             4A
                         0110-016F             60
                         0190-01EF             60
        SFR0             0000-001F             20           1
        SFR1             0080-009F             20           1
        SFR2             0100-010F             10           1
        SFR3             0180-018F             10           1
        STRCODE          0003-0003              1           2
                         058F-1FFF           1A71
        STRING           0003-0003              1           2
                         058F-1FFF            100

                                  Symbol Table

?___awdiv                cstackCOMMON 0070
?___fltol                cstackBANK0  0026
?___lwdiv                cstackBANK0  002C
?___wmul                 cstackBANK0  0026
?___xxtofl               cstackBANK0  0034
?_map                    cstackBANK0  0042
?i1___fltol              cstackCOMMON 0070
?i1___xxtofl             cstackCOMMON 0070
_ADCON0bits              (abs)        001F
_ADCON1bits              (abs)        009F
_ADRESH                  (abs)        001E
_ANSEL                   (abs)        0188
_ANSELH                  (abs)        0189
_INTCONbits              (abs)        000B
_OPTION_REGbits          (abs)        0081
_OSCCONbits              (abs)        008F
_PIE1bits                (abs)        008C
_PIR1bits                (abs)        000C
_PORTBbits               (abs)        0006
_PORTD                   (abs)        0008
_RB0                     (abs)        0030
_RB1                     (abs)        0031
_SSPBUF                  (abs)        0013
_SSPCON                  (abs)        0014
_SSPIF                   (abs)        0063
_SSPSTAT                 (abs)        0094
_SSPSTATbits             (abs)        0094
_TRISAbits               (abs)        0085
_TRISB                   (abs)        0086
_TRISC3                  (abs)        043B
_TRISC5                  (abs)        043D
_TRISD                   (abs)        0088
_WPUB                    (abs)        0095
__Habs1                  abs1         0000
__Hbank0                 bank0        0000
__Hbank1                 bank1        0000
__Hbank2                 bank2        0000
__Hbank3                 bank3        0000
__HbssBANK0              bssBANK0     0000
__Hcinit                 cinit        001E
__Hclrtext               clrtext      0000
__Hcode                  code         0000
__Hcommon                common       0000
__Hconfig                config       2009
__HcstackBANK0           cstackBANK0  0000
__HcstackBANK1           cstackBANK1  0000
__HcstackCOMMON          cstackCOMMON 0000
__Heeprom_data           eeprom_data  0000
__Hend_init              end_init     0011
__Hfunctab               functab      0000
__Hidloc                 idloc        2004
__Hinit                  init         000E
__Hintentry              intentry     000E
__Hmaintext              maintext     0000
__Hpowerup               powerup      0000
__Hram                   ram          0000
__Hreset_vec             reset_vec    0003
__Hsfr0                  sfr0         0000
__Hsfr1                  sfr1         0000
__Hsfr2                  sfr2         0000
__Hsfr3                  sfr3         0000
__Hspace_0               (abs)        058F
__Hspace_1               (abs)        00A6
__Hspace_2               (abs)        0000
__Hspace_3               (abs)        0000
__Hspace_4               (abs)        4010
__Hstack                 stack        0000
__Hstrings               strings      0000
__Htext                  text         0000
__Labs1                  abs1         0000
__Lbank0                 bank0        0000
__Lbank1                 bank1        0000
__Lbank2                 bank2        0000
__Lbank3                 bank3        0000
__LbssBANK0              bssBANK0     0000
__Lcinit                 cinit        0011
__Lclrtext               clrtext      0000
__Lcode                  code         0000
__Lcommon                common       0000
__Lconfig                config       0000
__LcstackBANK0           cstackBANK0  0000
__LcstackBANK1           cstackBANK1  0000
__LcstackCOMMON          cstackCOMMON 0000
__Leeprom_data           eeprom_data  0000
__Lend_init              end_init     000E
__Lfunctab               functab      0000
__Lidloc                 idloc        0000
__Linit                  init         000E
__Lintentry              intentry     0004
__Lmaintext              maintext     0000
__Lpowerup               powerup      0000
__Lram                   ram          0000
__Lreset_vec             reset_vec    0000
__Lsfr0                  sfr0         0000
__Lsfr1                  sfr1         0000
__Lsfr2                  sfr2         0000
__Lsfr3                  sfr3         0000
__Lspace_0               (abs)        0000
__Lspace_1               (abs)        0000
__Lspace_2               (abs)        0000
__Lspace_3               (abs)        0000
__Lspace_4               (abs)        0000
__Lstack                 stack        0000
__Lstrings               strings      0000
__Ltext                  text         0000
__S0                     (abs)        058F
__S1                     (abs)        00A6
__S3                     (abs)        0000
___awdiv                 text14       03D6
___awdiv@counter         cstackCOMMON 0075
___awdiv@dividend        cstackCOMMON 0072
___awdiv@divisor         cstackCOMMON 0070
___awdiv@quotient        cstackCOMMON 0077
___awdiv@sign            cstackCOMMON 0076
___fltol                 text7        02E8
___fltol@exp1            cstackBANK0  002F
___fltol@f1              cstackBANK0  0026
___fltol@sign1           cstackBANK0  002E
___int_sp                stack        0000
___latbits               (abs)        0002
___lwdiv                 text6        04A3
___lwdiv@counter         cstackBANK0  0031
___lwdiv@dividend        cstackBANK0  002E
___lwdiv@divisor         cstackBANK0  002C
___lwdiv@quotient        cstackBANK0  0032
___sp                    stack        0000
___stackhi               (abs)        0000
___stacklo               (abs)        0000
___wmul                  text5        052C
___wmul@multiplicand     cstackBANK0  0028
___wmul@multiplier       cstackBANK0  0026
___wmul@product          cstackBANK0  002A
___xxtofl                text4        00E1
___xxtofl@arg            cstackBANK0  003E
___xxtofl@exp            cstackBANK0  003D
___xxtofl@sign           cstackBANK0  003C
___xxtofl@val            cstackBANK0  0034
__end_of___awdiv         text14       043D
__end_of___fltol         text7        0360
__end_of___lwdiv         text6        04E9
__end_of___wmul          text5        0553
__end_of___xxtofl        text4        019B
__end_of__initialization cinit        001A
__end_of_isr             text8        02E8
__end_of_main            maintext     00E1
__end_of_map             text3        04A3
__end_of_setup           text1        052C
__end_of_spiInit         text2        0571
__end_of_spiRead         text12       057A
__end_of_spiReceiveWait  text13       0589
__end_of_spiWrite        text11       058F
__end_ofi1___fltol       text10       03D6
__end_ofi1___xxtofl      text9        0253
__initialization         cinit        0011
__pbssBANK0              bssBANK0     0059
__pcstackBANK0           cstackBANK0  0020
__pcstackBANK1           cstackBANK1  00A0
__pcstackCOMMON          cstackCOMMON 0070
__pintentry              intentry     0004
__pmaintext              maintext     001E
__ptext1                 text1        04E9
__ptext10                text10       0360
__ptext11                text11       0589
__ptext12                text12       0571
__ptext13                text13       0582
__ptext14                text14       03D6
__ptext2                 text2        0553
__ptext3                 text3        043D
__ptext4                 text4        00E1
__ptext5                 text5        052C
__ptext6                 text6        04A3
__ptext7                 text7        02E8
__ptext8                 text8        0253
__ptext9                 text9        019B
_i                       bssBANK0     0063
_isr                     text8        0253
_main                    maintext     001E
_main$1114               cstackBANK1  00A4
_main$1115               cstackBANK1  00A0
_map                     text3        043D
_setup                   text1        04E9
_spiInit                 text2        0553
_spiRead                 text12       0571
_spiReceiveWait          text13       0582
_spiWrite                text11       0589
_val                     bssBANK0     005D
_valcont2                bssBANK0     0066
_valmaster               bssBANK0     0067
_valpot0                 bssBANK0     0061
_valsend                 bssBANK0     0065
_varvolt                 bssBANK0     0059
btemp                    (abs)        007E
clear_ram0               clrtext      057A
end_of_initialization    cinit        001A
i1___fltol               text10       0360
i1___fltol@exp1          cstackCOMMON 0079
i1___fltol@f1            cstackCOMMON 0070
i1___fltol@sign1         cstackCOMMON 0078
i1___xxtofl              text9        019B
i1___xxtofl@arg          cstackCOMMON 007A
i1___xxtofl@exp          cstackCOMMON 0079
i1___xxtofl@sign         cstackCOMMON 0078
i1___xxtofl@val          cstackCOMMON 0070
interrupt_function       intentry     0004
intlevel0                functab      0000
intlevel1                functab      0000
intlevel2                functab      0000
intlevel3                functab      0000
intlevel4                functab      0000
intlevel5                functab      0000
map@maxsal               cstackBANK0  004A
map@maxval               cstackBANK0  0046
map@minsal               cstackBANK0  0048
map@minval               cstackBANK0  0044
map@valmap               cstackBANK0  0052
map@varmap               cstackBANK0  0042
reset_vec                reset_vec    0000
saved_w                  (abs)        007E
spiInit@sClockIdle       cstackBANK0  0027
spiInit@sDataSample      cstackBANK0  0026
spiInit@sTransmitEdge    cstackBANK0  0028
spiInit@sType            cstackBANK0  0029
spiWrite@dat             cstackCOMMON 0070
start                    init         000E
start_initialization     cinit        0011
wtemp0                   (abs)        007E


MODULE INFORMATION

Module		Function		Class		Link	Load	Size
Postlab3slave1.c
		_map           		CODE           	043D	0000	102
		_main          		CODE           	001E	0000	195
		_isr           		CODE           	0253	0000	149
		_setup         		CODE           	04E9	0000	67

Postlab3slave1.c estimated size: 513

C:\Program Files\Microchip\xc8\v2.40\pic\sources\c90\common\fltol.c
		___fltol       		CODE           	02E8	0000	120

C:\Program Files\Microchip\xc8\v2.40\pic\sources\c90\common\fltol.c estimated size: 120

C:\Program Files\Microchip\xc8\v2.40\pic\sources\c90\common\awdiv.c
		___awdiv       		CODE           	03D6	0000	103

C:\Program Files\Microchip\xc8\v2.40\pic\sources\c90\common\awdiv.c estimated size: 103

C:\Program Files\Microchip\xc8\v2.40\pic\sources\c90\common\Umul16.c
		___wmul        		CODE           	052C	0000	39

C:\Program Files\Microchip\xc8\v2.40\pic\sources\c90\common\Umul16.c estimated size: 39

shared
		i1___fltol     		CODE           	0360	0000	118
		__initialization		CODE           	0011	0000	9
		i1___xxtofl    		CODE           	019B	0000	184

shared estimated size: 311

SPI.c
		_spiWrite      		CODE           	0589	0000	6
		_spiInit       		CODE           	0553	0000	30
		_spiReceiveWait		CODE           	0582	0000	7
		_spiRead       		CODE           	0571	0000	9

SPI.c estimated size: 52

C:\Program Files\Microchip\xc8\v2.40\pic\sources\c90\common\lwdiv.c
		___lwdiv       		CODE           	04A3	0000	70

C:\Program Files\Microchip\xc8\v2.40\pic\sources\c90\common\lwdiv.c estimated size: 70

C:\Program Files\Microchip\xc8\v2.40\pic\sources\c90\common\xxtofl.c
		___xxtofl      		CODE           	00E1	0000	186

C:\Program Files\Microchip\xc8\v2.40\pic\sources\c90\common\xxtofl.c estimated size: 186

