Microchip MPLAB XC8 Compiler V2.40

Linker command line:

-W-3 \
  --edf=C:\Program Files\Microchip\xc8\v2.40\pic\dat\20220703182018_en.msgs \
  -cn -h+dist/default/production\Lab3master.X.production.sym \
  --cmf=dist/default/production\Lab3master.X.production.cmf -z -Q16F887 \
  -oC:\Users\Diego\AppData\Local\Temp\xcAsadg.4 --defsym=__MPLAB_BUILD=1 \
  --fixupoverflow=error \
  -Mdist/default/production/Lab3master.X.production.map \
  --md=C:\Users\Diego\AppData\Local\Temp\xcAsadg.dat -E1 -ver=XC8 Compiler \
  --acfsm=1493 -ACODE=00h-07FFhx4 -ASTRCODE=00h-01FFFh -ASTRING=00h-0FFhx32 \
  -ACONST=00h-0FFhx32 -AENTRY=00h-0FFhx32 -ACOMMON=070h-07Fh \
  -ABANK0=020h-06Fh -ABANK1=0A0h-0EFh -ABANK2=0110h-016Fh \
  -ABANK3=0190h-01EFh -ARAM=020h-06Fh,0A0h-0EFh,0110h-016Fh,0190h-01EFh \
  -AABS1=020h-07Fh,0A0h-0EFh,0110h-016Fh,0190h-01EFh -ASFR0=00h-01Fh \
  -ASFR1=080h-09Fh -ASFR2=0100h-010Fh -ASFR3=0180h-018Fh \
  -ACONFIG=02007h-02008h -DCONFIG=2 -AIDLOC=02000h-02003h -DIDLOC=2 \
  -AEEDATA=00h-0FFh/02100h -peeprom_data=EEDATA -DEEDATA=2 -DCODE=2 \
  -DSTRCODE=2 -DSTRING=2 -DCONST=2 -DENTRY=2 \
  -preset_vec=00h,intentry,init,end_init -ppowerup=CODE -pcinit=CODE \
  -pfunctab=ENTRY -k C:\Users\Diego\AppData\Local\Temp\xcAsadg.o \
  dist/default/production\Lab3master.X.production.o 

Object code version is 3.11

Machine type is 16F887



                Name                               Link     Load   Length Selector   Space Scale
C:\Users\Diego\AppData\Local\Temp\xcAsadg.o
                end_init                              0        0        3        0       0
                config                             2007     2007        2        0       4
                idloc                              2000     2000        4        0       5
dist/default/production\Lab3master.X.production.o
                cinit                               7F7      7F7        9      FEE       0
                config                             2007     2007        2        0       4
                idloc                              2000     2000        4        0       5
                text15                              3B7      3B7       22      76E       0
                text14                              39D      39D       1A      73A       0
                text13                              37A      37A        D      6F4       0
                text12                              537      537       5D      A6E       0
                text11                              4F1      4F1       46      9E2       0
                text10                              3FC      3FC       35      7F8       0
                text9                               46B      46B       42      8D6       0
                text8                               387      387       16      70E       0
                text7                               3D9      3D9       23      7B2       0
                text6                               36A      36A        7      6D4       0
                text5                               371      371        9      6E2       0
                text4                               364      364        6      6C8       0
                text3                               4AD      4AD       44      95A       0
                text2                               431      431       3A      862       0
                text1                               594      594       C1      B28       0
                maintext                            655      655      1A2      CAA       0
                cstackBANK0                          20       20       4C       20       1
                cstackCOMMON                         70       70        E       70       1
                bssBANK0                             6C       6C        3       20       1
                strings                               3        3       2C        6       0

TOTAL           Name                               Link     Load   Length     Space
        CLASS   CODE           
                end_init                              0        0        3         0
                cinit                               7F7      7F7        9         0
                text15                              3B7      3B7       22         0
                text14                              39D      39D       1A         0
                text13                              37A      37A        D         0
                text12                              537      537       5D         0
                text11                              4F1      4F1       46         0
                text10                              3FC      3FC       35         0
                text9                               46B      46B       42         0
                text8                               387      387       16         0
                text7                               3D9      3D9       23         0
                text6                               36A      36A        7         0
                text5                               371      371        9         0
                text4                               364      364        6         0
                text3                               4AD      4AD       44         0
                text2                               431      431       3A         0
                text1                               594      594       C1         0
                maintext                            655      655      1A2         0

        CLASS   STRCODE        

        CLASS   STRING         
                strings                               3        3       2C         0

        CLASS   CONST          

        CLASS   ENTRY          

        CLASS   COMMON         
                cstackCOMMON                         70       70        E         1

        CLASS   BANK0          
                cstackBANK0                          20       20       4C         1
                bssBANK0                             6C       6C        3         1

        CLASS   BANK1          

        CLASS   BANK2          

        CLASS   BANK3          

        CLASS   RAM            

        CLASS   ABS1           
                abs_s1                               7E       7E        2         1

        CLASS   SFR0           

        CLASS   SFR1           

        CLASS   SFR2           

        CLASS   SFR3           

        CLASS   CONFIG         
                config                             2007     2007        2         4

        CLASS   IDLOC          
                idloc                              2000     2000        4         5

        CLASS   EEDATA         

        CLASS   STACK          



SEGMENTS        Name                           Load    Length   Top    Selector   Space  Class     Delta

                reset_vec                      000000  000003  000003         0       0  CODE        2
                strings                        000003  00002C  00002F         6       0  STRING      2
                cstackBANK0                    000020  00004F  00006F        20       1  BANK0       1
                cstackCOMMON                   000070  00000E  00007E        70       1  COMMON      1
                text4                          000364  000006  00036A       6C8       0  CODE        2
                text6                          00036A  000007  000371       6D4       0  CODE        2
                text5                          000371  000009  00037A       6E2       0  CODE        2
                text13                         00037A  00000D  000387       6F4       0  CODE        2
                text8                          000387  000016  00039D       70E       0  CODE        2
                text14                         00039D  00001A  0003B7       73A       0  CODE        2
                text15                         0003B7  000022  0003D9       76E       0  CODE        2
                text7                          0003D9  000023  0003FC       7B2       0  CODE        2
                text10                         0003FC  000035  000431       7F8       0  CODE        2
                text2                          000431  00003A  00046B       862       0  CODE        2
                text9                          00046B  000042  0004AD       8D6       0  CODE        2
                text3                          0004AD  000044  0004F1       95A       0  CODE        2
                text11                         0004F1  000046  000537       9E2       0  CODE        2
                text12                         000537  00005D  000594       A6E       0  CODE        2
                text1                          000594  0000C1  000655       B28       0  CODE        2
                maintext                       000655  0001A2  0007F7       CAA       0  CODE        2
                cinit                          0007F7  000009  000800       FEE       0  CODE        2


UNUSED ADDRESS RANGES

        Name                Unused          Largest block    Delta
        BANK0            006F-006F              1           1
        BANK1            00A0-00EF             50           1
        BANK2            0110-016F             60           1
        BANK3            0190-01EF             60           1
        CODE             002F-0363            335           2
                         0800-1FFF            800
        CONST            002F-0363            100           2
                         0800-1FFF            100
        EEDATA           2100-21FF            100           2
        ENTRY            002F-0363            100           2
                         0800-1FFF            100
        RAM              006F-006F              1           1
                         00A0-00EF             50
                         0110-016F             60
                         0190-01EF             60
        SFR0             0000-001F             20           1
        SFR1             0080-009F             20           1
        SFR2             0100-010F             10           1
        SFR3             0180-018F             10           1
        STRCODE          002F-0363            335           2
                         0800-1FFF           1800
        STRING           002F-0363            100           2
                         0800-1FFF            100

                                  Symbol Table

?___lwdiv                 cstackCOMMON 0070
?___lwmod                 cstackCOMMON 0078
?_sprintf                 cstackBANK0  0020
Lcd_Cmd@a                 cstackCOMMON 0073
Lcd_Port@a                cstackCOMMON 0070
Lcd_Set_Cursor@a          cstackCOMMON 0076
Lcd_Set_Cursor@b          cstackCOMMON 0074
Lcd_Set_Cursor@temp       cstackCOMMON 0079
Lcd_Set_Cursor@y          cstackCOMMON 0078
Lcd_Set_Cursor@z          cstackCOMMON 0077
Lcd_Write_Char@a          cstackCOMMON 0074
Lcd_Write_Char@temp       cstackCOMMON 0072
Lcd_Write_Char@y          cstackCOMMON 0073
Lcd_Write_String@a        cstackCOMMON 0075
Lcd_Write_String@i        cstackCOMMON 007A
_ANSEL                    (abs)        0188
_ANSELH                   (abs)        0189
_Lcd_Clear                text13       037A
_Lcd_Cmd                  text14       039D
_Lcd_Init                 text12       0537
_Lcd_Port                 text15       03B7
_Lcd_Set_Cursor           text11       04F1
_Lcd_Write_Char           text10       03FC
_Lcd_Write_String         text9        046B
_OSCCONbits               (abs)        008F
_PORTA                    (abs)        0005
_PORTB                    (abs)        0006
_PORTCbits                (abs)        0007
_PORTD                    (abs)        0008
_RC7                      (abs)        003F
_RD4                      (abs)        0044
_RD5                      (abs)        0045
_RD6                      (abs)        0046
_RD7                      (abs)        0047
_SSPBUF                   (abs)        0013
_SSPCON                   (abs)        0014
_SSPSTAT                  (abs)        0094
_SSPSTATbits              (abs)        0094
_TRISA                    (abs)        0085
_TRISB                    (abs)        0086
_TRISC1                   (abs)        0439
_TRISC2                   (abs)        043A
_TRISC3                   (abs)        043B
_TRISC5                   (abs)        043D
_TRISC6                   (abs)        043E
_TRISC7                   (abs)        043F
_TRISD                    (abs)        0088
__Habs1                   abs1         0000
__Hbank0                  bank0        0000
__Hbank1                  bank1        0000
__Hbank2                  bank2        0000
__Hbank3                  bank3        0000
__HbssBANK0               bssBANK0     0000
__Hcinit                  cinit        0800
__Hclrtext                clrtext      0000
__Hcode                   code         0000
__Hcommon                 common       0000
__Hconfig                 config       2009
__HcstackBANK0            cstackBANK0  0000
__HcstackCOMMON           cstackCOMMON 0000
__Heeprom_data            eeprom_data  0000
__Hend_init               end_init     0003
__Hfunctab                functab      0000
__Hidloc                  idloc        2004
__Hinit                   init         0000
__Hintentry               intentry     0000
__Hmaintext               maintext     0000
__Hpowerup                powerup      0000
__Hram                    ram          0000
__Hreset_vec              reset_vec    0000
__Hsfr0                   sfr0         0000
__Hsfr1                   sfr1         0000
__Hsfr2                   sfr2         0000
__Hsfr3                   sfr3         0000
__Hspace_0                (abs)        0800
__Hspace_1                (abs)        007E
__Hspace_2                (abs)        0000
__Hspace_3                (abs)        0000
__Hspace_4                (abs)        4010
__Hstack                  stack        0000
__Hstrings                strings      0000
__Htext                   text         0000
__Labs1                   abs1         0000
__Lbank0                  bank0        0000
__Lbank1                  bank1        0000
__Lbank2                  bank2        0000
__Lbank3                  bank3        0000
__LbssBANK0               bssBANK0     0000
__Lcinit                  cinit        07F7
__Lclrtext                clrtext      0000
__Lcode                   code         0000
__Lcommon                 common       0000
__Lconfig                 config       0000
__LcstackBANK0            cstackBANK0  0000
__LcstackCOMMON           cstackCOMMON 0000
__Leeprom_data            eeprom_data  0000
__Lend_init               end_init     0000
__Lfunctab                functab      0000
__Lidloc                  idloc        0000
__Linit                   init         0000
__Lintentry               intentry     0000
__Lmaintext               maintext     0000
__Lpowerup                powerup      0000
__Lram                    ram          0000
__Lreset_vec              reset_vec    0000
__Lsfr0                   sfr0         0000
__Lsfr1                   sfr1         0000
__Lsfr2                   sfr2         0000
__Lsfr3                   sfr3         0000
__Lspace_0                (abs)        0000
__Lspace_1                (abs)        0000
__Lspace_2                (abs)        0000
__Lspace_3                (abs)        0000
__Lspace_4                (abs)        0000
__Lstack                  stack        0000
__Lstrings                strings      0000
__Ltext                   text         0000
__S0                      (abs)        0800
__S1                      (abs)        007E
__S3                      (abs)        0000
___int_sp                 stack        0000
___latbits                (abs)        0002
___lwdiv                  text3        04AD
___lwdiv@counter          cstackCOMMON 0077
___lwdiv@dividend         cstackCOMMON 0072
___lwdiv@divisor          cstackCOMMON 0070
___lwdiv@quotient         cstackCOMMON 0075
___lwmod                  text2        0431
___lwmod@counter          cstackCOMMON 007D
___lwmod@dividend         cstackCOMMON 007A
___lwmod@divisor          cstackCOMMON 0078
___sp                     stack        0000
___stackhi                (abs)        0000
___stacklo                (abs)        0000
__end_of_Lcd_Clear        text13       0387
__end_of_Lcd_Cmd          text14       03B7
__end_of_Lcd_Init         text12       0594
__end_of_Lcd_Port         text15       03D9
__end_of_Lcd_Set_Cursor   text11       0537
__end_of_Lcd_Write_Char   text10       0431
__end_of_Lcd_Write_String text9        04AD
__end_of___lwdiv          text3        04F1
__end_of___lwmod          text2        046B
__end_of__initialization  cinit        07FC
__end_of__stringtab       strings      0013
__end_of_dpowers          strings      001D
__end_of_main             maintext     07F7
__end_of_setup            text7        03FC
__end_of_spiInit          text8        039D
__end_of_spiRead          text5        037A
__end_of_spiReceiveWait   text6        0371
__end_of_spiWrite         text4        036A
__end_of_sprintf          text1        0655
__initialization          cinit        07F7
__pbssBANK0               bssBANK0     006C
__pcstackBANK0            cstackBANK0  0020
__pcstackCOMMON           cstackCOMMON 0070
__pmaintext               maintext     0655
__pstrings                strings      0003
__ptext1                  text1        0594
__ptext10                 text10       03FC
__ptext11                 text11       04F1
__ptext12                 text12       0537
__ptext13                 text13       037A
__ptext14                 text14       039D
__ptext15                 text15       03B7
__ptext2                  text2        0431
__ptext3                  text3        04AD
__ptext4                  text4        0364
__ptext5                  text5        0371
__ptext6                  text6        036A
__ptext7                  text7        03D9
__ptext8                  text8        0387
__ptext9                  text9        046B
__stringbase              strings      0012
__stringtab               strings      0003
_dpowers                  strings      0013
_main                     maintext     0655
_pot1                     bssBANK0     006E
_pot2                     bssBANK0     006D
_setup                    text7        03D9
_spiInit                  text8        0387
_spiRead                  text5        0371
_spiReceiveWait           text6        036A
_spiWrite                 text4        0364
_sprintf                  text1        0594
_valcont                  bssBANK0     006C
btemp                     (abs)        007E
end_of_initialization     cinit        07FC
intlevel0                 functab      0000
intlevel1                 functab      0000
intlevel2                 functab      0000
intlevel3                 functab      0000
intlevel4                 functab      0000
intlevel5                 functab      0000
main@s                    cstackBANK0  0030
main@s2                   cstackBANK0  0044
main@s3                   cstackBANK0  0058
reset_vec                 reset_vec    0000
spiInit@sClockIdle        cstackCOMMON 0071
spiInit@sDataSample       cstackCOMMON 0070
spiInit@sTransmitEdge     cstackCOMMON 0072
spiInit@sType             cstackCOMMON 0073
spiWrite@dat              cstackCOMMON 0070
sprintf@ap                cstackBANK0  0027
sprintf@c                 cstackBANK0  002C
sprintf@f                 cstackBANK0  0020
sprintf@flag              cstackBANK0  0026
sprintf@prec              cstackBANK0  002A
sprintf@sp                cstackBANK0  002B
sprintf@val               cstackBANK0  0028
start                     init         0000
start_initialization      cinit        07F7
wtemp0                    (abs)        007E


MODULE INFORMATION

Module		Function		Class		Link	Load	Size
Postlab3master.c
		_main          		CODE           	0655	0000	418
		_setup         		CODE           	03D9	0000	35

Postlab3master.c estimated size: 453

../Lab3slave.X/SPI.c
		_spiWrite      		CODE           	0364	0000	6
		_spiInit       		CODE           	0387	0000	22
		_spiReceiveWait		CODE           	036A	0000	7
		_spiRead       		CODE           	0371	0000	9

../Lab3slave.X/SPI.c estimated size: 44

C:\Program Files\Microchip\xc8\v2.40\pic\sources\c90\common\doprnt.c
		_sprintf       		CODE           	0594	0000	193

C:\Program Files\Microchip\xc8\v2.40\pic\sources\c90\common\doprnt.c estimated size: 193

C:\Program Files\Microchip\xc8\v2.40\pic\sources\c90\common\lwmod.c
		___lwmod       		CODE           	0431	0000	58

C:\Program Files\Microchip\xc8\v2.40\pic\sources\c90\common\lwmod.c estimated size: 58

shared
		__stringtab    		STRING         	0003	0000	16
		_dpowers       		STRING         	0013	0000	10
		__initialization		CODE           	07F7	0000	5

shared estimated size: 31

C:\Program Files\Microchip\xc8\v2.40\pic\sources\c90\common\lwdiv.c
		___lwdiv       		CODE           	04AD	0000	68

C:\Program Files\Microchip\xc8\v2.40\pic\sources\c90\common\lwdiv.c estimated size: 68

LCD.c
		_Lcd_Write_String		CODE           	046B	0000	66
		_Lcd_Init      		CODE           	0537	0000	93
		_Lcd_Write_Char		CODE           	03FC	0000	53
		_Lcd_Cmd       		CODE           	039D	0000	26
		_Lcd_Set_Cursor		CODE           	04F1	0000	70
		_Lcd_Clear     		CODE           	037A	0000	13
		_Lcd_Port      		CODE           	03B7	0000	34

LCD.c estimated size: 355

