Microchip MPLAB XC8 Compiler V2.40

Linker command line:

-W-3 \
  --edf=C:\Program Files\Microchip\xc8\v2.40\pic\dat\20220703182018_en.msgs \
  -cn -h+dist/default/production\Lab3master.X.production.sym \
  --cmf=dist/default/production\Lab3master.X.production.cmf -z -Q16F887 \
  -oC:\Users\Diego\AppData\Local\Temp\xcAsav0.4 --defsym=__MPLAB_BUILD=1 \
  --fixupoverflow=error \
  -Mdist/default/production/Lab3master.X.production.map \
  --md=C:\Users\Diego\AppData\Local\Temp\xcAsav0.dat -E1 -ver=XC8 Compiler \
  --acfsm=1493 -ACODE=00h-07FFhx4 -ASTRCODE=00h-01FFFh -ASTRING=00h-0FFhx32 \
  -ACONST=00h-0FFhx32 -AENTRY=00h-0FFhx32 -ACOMMON=070h-07Fh \
  -ABANK0=020h-06Fh -ABANK1=0A0h-0EFh -ABANK2=0110h-016Fh \
  -ABANK3=0190h-01EFh -ARAM=020h-06Fh,0A0h-0EFh,0110h-016Fh,0190h-01EFh \
  -AABS1=020h-07Fh,0A0h-0EFh,0110h-016Fh,0190h-01EFh -ASFR0=00h-01Fh \
  -ASFR1=080h-09Fh -ASFR2=0100h-010Fh -ASFR3=0180h-018Fh \
  -ACONFIG=02007h-02008h -DCONFIG=2 -AIDLOC=02000h-02003h -DIDLOC=2 \
  -AEEDATA=00h-0FFh/02100h -peeprom_data=EEDATA -DEEDATA=2 -DCODE=2 \
  -DSTRCODE=2 -DSTRING=2 -DCONST=2 -DENTRY=2 \
  -preset_vec=00h,intentry,init,end_init -ppowerup=CODE -pcinit=CODE \
  -pfunctab=ENTRY -k C:\Users\Diego\AppData\Local\Temp\xcAsav0.o \
  dist/default/production\Lab3master.X.production.o 

Object code version is 3.11

Machine type is 16F887



                Name                               Link     Load   Length Selector   Space Scale
C:\Users\Diego\AppData\Local\Temp\xcAsav0.o
                end_init                              0        0        3        0       0
                config                             2007     2007        2        0       4
                idloc                              2000     2000        4        0       5
dist/default/production\Lab3master.X.production.o
                cinit                               7F8      7F8        8      FF0       0
                config                             2007     2007        2        0       4
                idloc                              2000     2000        4        0       5
                text15                              467      467       22      8CE       0
                text14                              44D      44D       1A      89A       0
                text13                              42A      42A        D      854       0
                text12                              5E7      5E7       5D      BCE       0
                text11                              5A1      5A1       46      B42       0
                text10                              4AC      4AC       35      958       0
                text9                               51B      51B       42      A36       0
                text8                               437      437       16      86E       0
                text7                               489      489       23      912       0
                text6                               41A      41A        7      834       0
                text5                               421      421        9      842       0
                text4                               414      414        6      828       0
                text3                               55D      55D       44      ABA       0
                text2                               4E1      4E1       3A      9C2       0
                text1                               644      644       C1      C88       0
                maintext                            705      705       F3      E0A       0
                cstackBANK0                          20       20       38       20       1
                cstackCOMMON                         70       70        E       70       1
                bssBANK0                             58       58        2       20       1
                strings                               3        3       27        6       0

TOTAL           Name                               Link     Load   Length     Space
        CLASS   CODE           
                end_init                              0        0        3         0
                cinit                               7F8      7F8        8         0
                text15                              467      467       22         0
                text14                              44D      44D       1A         0
                text13                              42A      42A        D         0
                text12                              5E7      5E7       5D         0
                text11                              5A1      5A1       46         0
                text10                              4AC      4AC       35         0
                text9                               51B      51B       42         0
                text8                               437      437       16         0
                text7                               489      489       23         0
                text6                               41A      41A        7         0
                text5                               421      421        9         0
                text4                               414      414        6         0
                text3                               55D      55D       44         0
                text2                               4E1      4E1       3A         0
                text1                               644      644       C1         0
                maintext                            705      705       F3         0

        CLASS   STRCODE        

        CLASS   STRING         
                strings                               3        3       27         0

        CLASS   CONST          

        CLASS   ENTRY          

        CLASS   COMMON         
                cstackCOMMON                         70       70        E         1

        CLASS   BANK0          
                cstackBANK0                          20       20       38         1
                bssBANK0                             58       58        2         1

        CLASS   BANK1          

        CLASS   BANK2          

        CLASS   BANK3          

        CLASS   RAM            

        CLASS   ABS1           
                abs_s1                               7E       7E        2         1

        CLASS   SFR0           

        CLASS   SFR1           

        CLASS   SFR2           

        CLASS   SFR3           

        CLASS   CONFIG         
                config                             2007     2007        2         4

        CLASS   IDLOC          
                idloc                              2000     2000        4         5

        CLASS   EEDATA         

        CLASS   STACK          



SEGMENTS        Name                           Load    Length   Top    Selector   Space  Class     Delta

                reset_vec                      000000  000003  000003         0       0  CODE        2
                strings                        000003  000027  00002A         6       0  STRING      2
                cstackBANK0                    000020  00003A  00005A        20       1  BANK0       1
                cstackCOMMON                   000070  00000E  00007E        70       1  COMMON      1
                text4                          000414  000006  00041A       828       0  CODE        2
                text6                          00041A  000007  000421       834       0  CODE        2
                text5                          000421  000009  00042A       842       0  CODE        2
                text13                         00042A  00000D  000437       854       0  CODE        2
                text8                          000437  000016  00044D       86E       0  CODE        2
                text14                         00044D  00001A  000467       89A       0  CODE        2
                text15                         000467  000022  000489       8CE       0  CODE        2
                text7                          000489  000023  0004AC       912       0  CODE        2
                text10                         0004AC  000035  0004E1       958       0  CODE        2
                text2                          0004E1  00003A  00051B       9C2       0  CODE        2
                text9                          00051B  000042  00055D       A36       0  CODE        2
                text3                          00055D  000044  0005A1       ABA       0  CODE        2
                text11                         0005A1  000046  0005E7       B42       0  CODE        2
                text12                         0005E7  00005D  000644       BCE       0  CODE        2
                text1                          000644  0000C1  000705       C88       0  CODE        2
                maintext                       000705  0000F3  0007F8       E0A       0  CODE        2
                cinit                          0007F8  000008  000800       FF0       0  CODE        2


UNUSED ADDRESS RANGES

        Name                Unused          Largest block    Delta
        BANK0            005A-006F             16           1
        BANK1            00A0-00EF             50           1
        BANK2            0110-016F             60           1
        BANK3            0190-01EF             60           1
        CODE             002A-0413            3EA           2
                         0800-1FFF            800
        CONST            002A-0413            100           2
                         0800-1FFF            100
        EEDATA           2100-21FF            100           2
        ENTRY            002A-0413            100           2
                         0800-1FFF            100
        RAM              005A-006F             16           1
                         00A0-00EF             50
                         0110-016F             60
                         0190-01EF             60
        SFR0             0000-001F             20           1
        SFR1             0080-009F             20           1
        SFR2             0100-010F             10           1
        SFR3             0180-018F             10           1
        STRCODE          002A-0413            3EA           2
                         0800-1FFF           1800
        STRING           002A-0413            100           2
                         0800-1FFF            100

                                  Symbol Table

?___lwdiv                 cstackCOMMON 0070
?___lwmod                 cstackCOMMON 0078
?_sprintf                 cstackBANK0  0020
Lcd_Cmd@a                 cstackCOMMON 0073
Lcd_Port@a                cstackCOMMON 0070
Lcd_Set_Cursor@a          cstackCOMMON 0076
Lcd_Set_Cursor@b          cstackCOMMON 0074
Lcd_Set_Cursor@temp       cstackCOMMON 0079
Lcd_Set_Cursor@y          cstackCOMMON 0078
Lcd_Set_Cursor@z          cstackCOMMON 0077
Lcd_Write_Char@a          cstackCOMMON 0074
Lcd_Write_Char@temp       cstackCOMMON 0072
Lcd_Write_Char@y          cstackCOMMON 0073
Lcd_Write_String@a        cstackCOMMON 0075
Lcd_Write_String@i        cstackCOMMON 007A
_ANSEL                    (abs)        0188
_ANSELH                   (abs)        0189
_Lcd_Clear                text13       042A
_Lcd_Cmd                  text14       044D
_Lcd_Init                 text12       05E7
_Lcd_Port                 text15       0467
_Lcd_Set_Cursor           text11       05A1
_Lcd_Write_Char           text10       04AC
_Lcd_Write_String         text9        051B
_OSCCONbits               (abs)        008F
_PORTA                    (abs)        0005
_PORTB                    (abs)        0006
_PORTCbits                (abs)        0007
_PORTD                    (abs)        0008
_RC7                      (abs)        003F
_RD4                      (abs)        0044
_RD5                      (abs)        0045
_RD6                      (abs)        0046
_RD7                      (abs)        0047
_SSPBUF                   (abs)        0013
_SSPCON                   (abs)        0014
_SSPSTAT                  (abs)        0094
_SSPSTATbits              (abs)        0094
_TRISA                    (abs)        0085
_TRISB                    (abs)        0086
_TRISC1                   (abs)        0439
_TRISC2                   (abs)        043A
_TRISC3                   (abs)        043B
_TRISC5                   (abs)        043D
_TRISC6                   (abs)        043E
_TRISC7                   (abs)        043F
_TRISD                    (abs)        0088
__Habs1                   abs1         0000
__Hbank0                  bank0        0000
__Hbank1                  bank1        0000
__Hbank2                  bank2        0000
__Hbank3                  bank3        0000
__HbssBANK0               bssBANK0     0000
__Hcinit                  cinit        0800
__Hclrtext                clrtext      0000
__Hcode                   code         0000
__Hcommon                 common       0000
__Hconfig                 config       2009
__HcstackBANK0            cstackBANK0  0000
__HcstackCOMMON           cstackCOMMON 0000
__Heeprom_data            eeprom_data  0000
__Hend_init               end_init     0003
__Hfunctab                functab      0000
__Hidloc                  idloc        2004
__Hinit                   init         0000
__Hintentry               intentry     0000
__Hmaintext               maintext     0000
__Hpowerup                powerup      0000
__Hram                    ram          0000
__Hreset_vec              reset_vec    0000
__Hsfr0                   sfr0         0000
__Hsfr1                   sfr1         0000
__Hsfr2                   sfr2         0000
__Hsfr3                   sfr3         0000
__Hspace_0                (abs)        0800
__Hspace_1                (abs)        007E
__Hspace_2                (abs)        0000
__Hspace_3                (abs)        0000
__Hspace_4                (abs)        4010
__Hstack                  stack        0000
__Hstrings                strings      0000
__Htext                   text         0000
__Labs1                   abs1         0000
__Lbank0                  bank0        0000
__Lbank1                  bank1        0000
__Lbank2                  bank2        0000
__Lbank3                  bank3        0000
__LbssBANK0               bssBANK0     0000
__Lcinit                  cinit        07F8
__Lclrtext                clrtext      0000
__Lcode                   code         0000
__Lcommon                 common       0000
__Lconfig                 config       0000
__LcstackBANK0            cstackBANK0  0000
__LcstackCOMMON           cstackCOMMON 0000
__Leeprom_data            eeprom_data  0000
__Lend_init               end_init     0000
__Lfunctab                functab      0000
__Lidloc                  idloc        0000
__Linit                   init         0000
__Lintentry               intentry     0000
__Lmaintext               maintext     0000
__Lpowerup                powerup      0000
__Lram                    ram          0000
__Lreset_vec              reset_vec    0000
__Lsfr0                   sfr0         0000
__Lsfr1                   sfr1         0000
__Lsfr2                   sfr2         0000
__Lsfr3                   sfr3         0000
__Lspace_0                (abs)        0000
__Lspace_1                (abs)        0000
__Lspace_2                (abs)        0000
__Lspace_3                (abs)        0000
__Lspace_4                (abs)        0000
__Lstack                  stack        0000
__Lstrings                strings      0000
__Ltext                   text         0000
__S0                      (abs)        0800
__S1                      (abs)        007E
__S3                      (abs)        0000
___int_sp                 stack        0000
___latbits                (abs)        0002
___lwdiv                  text3        055D
___lwdiv@counter          cstackCOMMON 0077
___lwdiv@dividend         cstackCOMMON 0072
___lwdiv@divisor          cstackCOMMON 0070
___lwdiv@quotient         cstackCOMMON 0075
___lwmod                  text2        04E1
___lwmod@counter          cstackCOMMON 007D
___lwmod@dividend         cstackCOMMON 007A
___lwmod@divisor          cstackCOMMON 0078
___sp                     stack        0000
___stackhi                (abs)        0000
___stacklo                (abs)        0000
__end_of_Lcd_Clear        text13       0437
__end_of_Lcd_Cmd          text14       0467
__end_of_Lcd_Init         text12       0644
__end_of_Lcd_Port         text15       0489
__end_of_Lcd_Set_Cursor   text11       05E7
__end_of_Lcd_Write_Char   text10       04E1
__end_of_Lcd_Write_String text9        055D
__end_of___lwdiv          text3        05A1
__end_of___lwmod          text2        051B
__end_of__initialization  cinit        07FC
__end_of__stringtab       strings      0013
__end_of_dpowers          strings      001D
__end_of_main             maintext     07F8
__end_of_setup            text7        04AC
__end_of_spiInit          text8        044D
__end_of_spiRead          text5        042A
__end_of_spiReceiveWait   text6        0421
__end_of_spiWrite         text4        041A
__end_of_sprintf          text1        0705
__initialization          cinit        07F8
__pbssBANK0               bssBANK0     0058
__pcstackBANK0            cstackBANK0  0020
__pcstackCOMMON           cstackCOMMON 0070
__pmaintext               maintext     0705
__pstrings                strings      0003
__ptext1                  text1        0644
__ptext10                 text10       04AC
__ptext11                 text11       05A1
__ptext12                 text12       05E7
__ptext13                 text13       042A
__ptext14                 text14       044D
__ptext15                 text15       0467
__ptext2                  text2        04E1
__ptext3                  text3        055D
__ptext4                  text4        0414
__ptext5                  text5        0421
__ptext6                  text6        041A
__ptext7                  text7        0489
__ptext8                  text8        0437
__ptext9                  text9        051B
__stringbase              strings      0012
__stringtab               strings      0003
_dpowers                  strings      0013
_main                     maintext     0705
_pot1                     bssBANK0     0059
_pot2                     bssBANK0     0058
_setup                    text7        0489
_spiInit                  text8        0437
_spiRead                  text5        0421
_spiReceiveWait           text6        041A
_spiWrite                 text4        0414
_sprintf                  text1        0644
btemp                     (abs)        007E
end_of_initialization     cinit        07FC
intlevel0                 functab      0000
intlevel1                 functab      0000
intlevel2                 functab      0000
intlevel3                 functab      0000
intlevel4                 functab      0000
intlevel5                 functab      0000
main@s                    cstackBANK0  0030
main@s2                   cstackBANK0  0044
reset_vec                 reset_vec    0000
spiInit@sClockIdle        cstackCOMMON 0071
spiInit@sDataSample       cstackCOMMON 0070
spiInit@sTransmitEdge     cstackCOMMON 0072
spiInit@sType             cstackCOMMON 0073
spiWrite@dat              cstackCOMMON 0070
sprintf@ap                cstackBANK0  0027
sprintf@c                 cstackBANK0  002C
sprintf@f                 cstackBANK0  0020
sprintf@flag              cstackBANK0  0026
sprintf@prec              cstackBANK0  002A
sprintf@sp                cstackBANK0  002B
sprintf@val               cstackBANK0  0028
start                     init         0000
start_initialization      cinit        07F8
wtemp0                    (abs)        007E


MODULE INFORMATION

Module		Function		Class		Link	Load	Size
Postlab3master.c
		_main          		CODE           	0705	0000	243
		_setup         		CODE           	0489	0000	35

Postlab3master.c estimated size: 278

../Lab3slave.X/SPI.c
		_spiWrite      		CODE           	0414	0000	6
		_spiInit       		CODE           	0437	0000	22
		_spiReceiveWait		CODE           	041A	0000	7
		_spiRead       		CODE           	0421	0000	9

../Lab3slave.X/SPI.c estimated size: 44

C:\Program Files\Microchip\xc8\v2.40\pic\sources\c90\common\doprnt.c
		_sprintf       		CODE           	0644	0000	193

C:\Program Files\Microchip\xc8\v2.40\pic\sources\c90\common\doprnt.c estimated size: 193

C:\Program Files\Microchip\xc8\v2.40\pic\sources\c90\common\lwmod.c
		___lwmod       		CODE           	04E1	0000	58

C:\Program Files\Microchip\xc8\v2.40\pic\sources\c90\common\lwmod.c estimated size: 58

shared
		__stringtab    		STRING         	0003	0000	16
		_dpowers       		STRING         	0013	0000	10
		__initialization		CODE           	07F8	0000	4

shared estimated size: 30

C:\Program Files\Microchip\xc8\v2.40\pic\sources\c90\common\lwdiv.c
		___lwdiv       		CODE           	055D	0000	68

C:\Program Files\Microchip\xc8\v2.40\pic\sources\c90\common\lwdiv.c estimated size: 68

LCD.c
		_Lcd_Write_String		CODE           	051B	0000	66
		_Lcd_Init      		CODE           	05E7	0000	93
		_Lcd_Write_Char		CODE           	04AC	0000	53
		_Lcd_Cmd       		CODE           	044D	0000	26
		_Lcd_Set_Cursor		CODE           	05A1	0000	70
		_Lcd_Clear     		CODE           	042A	0000	13
		_Lcd_Port      		CODE           	0467	0000	34

LCD.c estimated size: 355

