Microchip MPLAB XC8 Compiler V2.40

Linker command line:

-W-3 \
  --edf=C:\Program Files\Microchip\xc8\v2.40\pic\dat\20220703182018_en.msgs \
  -cn -h+dist/default/production\Labsdigital2.X.production.sym \
  --cmf=dist/default/production\Labsdigital2.X.production.cmf -z -Q16F887 \
  -oC:\Users\Diego\AppData\Local\Temp\xcAs1ck.4 --defsym=__MPLAB_BUILD=1 \
  --fixupoverflow=error \
  -Mdist/default/production/Labsdigital2.X.production.map \
  --md=C:\Users\Diego\AppData\Local\Temp\xcAs1ck.dat -E1 -ver=XC8 Compiler \
  --acfsm=1493 -ACODE=00h-07FFhx4 -ASTRCODE=00h-01FFFh -ASTRING=00h-0FFhx32 \
  -ACONST=00h-0FFhx32 -AENTRY=00h-0FFhx32 -ACOMMON=070h-07Fh \
  -ABANK0=020h-06Fh -ABANK1=0A0h-0EFh -ABANK2=0110h-016Fh \
  -ABANK3=0190h-01EFh -ARAM=020h-06Fh,0A0h-0EFh,0110h-016Fh,0190h-01EFh \
  -AABS1=020h-07Fh,0A0h-0EFh,0110h-016Fh,0190h-01EFh -ASFR0=00h-01Fh \
  -ASFR1=080h-09Fh -ASFR2=0100h-010Fh -ASFR3=0180h-018Fh \
  -ACONFIG=02007h-02008h -DCONFIG=2 -AIDLOC=02000h-02003h -DIDLOC=2 \
  -AEEDATA=00h-0FFh/02100h -peeprom_data=EEDATA -DEEDATA=2 -DCODE=2 \
  -DSTRCODE=2 -DSTRING=2 -DCONST=2 -DENTRY=2 \
  -preset_vec=00h,intentry=04h,init,end_init -ppowerup=CODE -pcinit=CODE \
  -pfunctab=ENTRY -k C:\Users\Diego\AppData\Local\Temp\xcAs1ck.o \
  dist/default/production\Labsdigital2.X.production.o 

Object code version is 3.11

Machine type is 16F887



                Name                               Link     Load   Length Selector   Space Scale
C:\Users\Diego\AppData\Local\Temp\xcAs1ck.o
                end_init                              C        C        3        8       0
                reset_vec                             0        0        3        0       0
                config                             2007     2007        2        0       4
                idloc                              2000     2000        4        0       5
dist/default/production\Labsdigital2.X.production.o
                cinit                                 F        F        9        8       0
                intentry                              4        4        8        8       0
                config                             2007     2007        2        0       4
                idloc                              2000     2000        4        0       5
                text18                              754      754       19      AE0       0
                text17                              7AC      7AC        A      AE0       0
                text16                              792      792        E      AE0       0
                text15                              570      570       68      AE0       0
                text14                              379      379       A0        8       0
                text13                              419      419       78        8       0
                text12                              63E      63E       46      AE0       0
                text11                              713      713       25      AE0       0
                text10                              2BF      2BF       BA        8       0
                text9                               5D8      5D8       66      AE0       0
                text8                               7A0      7A0        C      AE0       0
                text7                               6C0      6C0       2B      AE0       0
                text6                               738      738       1C      AE0       0
                text5                               6EB      6EB       28      AE0       0
                text4                               684      684       3C      AE0       0
                text3                               780      780       12      AE0       0
                text2                                18       18      186        8       0
                text1                               76D      76D       13      AE0       0
                maintext                            19E      19E      121        8       0
                cstackBANK0                          20       20       3A       20       1
                cstackCOMMON                         70       70        9       70       1
                bssBANK0                             5A       5A        1       20       1
                bssCOMMON                            79       79        2       70       1
                strings                             500      500       70      A00       0

TOTAL           Name                               Link     Load   Length     Space
        CLASS   CODE           
                end_init                              C        C        3         0
                cinit                                 F        F        9         0
                intentry                              4        4        8         0
                reset_vec                             0        0        3         0
                text18                              754      754       19         0
                text17                              7AC      7AC        A         0
                text16                              792      792        E         0
                text15                              570      570       68         0
                text14                              379      379       A0         0
                text13                              419      419       78         0
                text12                              63E      63E       46         0
                text11                              713      713       25         0
                text10                              2BF      2BF       BA         0
                text9                               5D8      5D8       66         0
                text8                               7A0      7A0        C         0
                text7                               6C0      6C0       2B         0
                text6                               738      738       1C         0
                text5                               6EB      6EB       28         0
                text4                               684      684       3C         0
                text3                               780      780       12         0
                text2                                18       18      186         0
                text1                               76D      76D       13         0
                maintext                            19E      19E      121         0

        CLASS   STRCODE        

        CLASS   STRING         
                strings                             500      500       70         0

        CLASS   CONST          

        CLASS   ENTRY          

        CLASS   COMMON         
                cstackCOMMON                         70       70        9         1
                bssCOMMON                            79       79        2         1

        CLASS   BANK0          
                cstackBANK0                          20       20       3A         1
                bssBANK0                             5A       5A        1         1

        CLASS   BANK1          

        CLASS   BANK2          

        CLASS   BANK3          

        CLASS   RAM            

        CLASS   ABS1           
                abs_s1                               7E       7E        2         1

        CLASS   SFR0           

        CLASS   SFR1           

        CLASS   SFR2           

        CLASS   SFR3           

        CLASS   CONFIG         
                config                             2007     2007        2         4

        CLASS   IDLOC          
                idloc                              2000     2000        4         5

        CLASS   EEDATA         

        CLASS   STACK          



SEGMENTS        Name                           Load    Length   Top    Selector   Space  Class     Delta

                reset_vec                      000000  000003  000003         0       0  CODE        2
                intentry                       000004  00048D  000491         8       0  CODE        2
                cstackBANK0                    000020  00003B  00005B        20       1  BANK0       1
                cstackCOMMON                   000070  00000B  00007B        70       1  COMMON      1
                strings                        000500  000070  000570       A00       0  STRING      2
                text15                         000570  000246  0007B6       AE0       0  CODE        2


UNUSED ADDRESS RANGES

        Name                Unused          Largest block    Delta
        BANK0            005B-006F             15           1
        BANK1            00A0-00EF             50           1
        BANK2            0110-016F             60           1
        BANK3            0190-01EF             60           1
        CODE             0003-0003              1           2
                         0491-04FF             6F
                         07B6-1FFF            800
        COMMON           007B-007D              3           1
        CONST            0003-0003              1           2
                         0491-04FF             6F
                         07B6-1FFF            100
        EEDATA           2100-21FF            100           2
        ENTRY            0003-0003              1           2
                         0491-04FF             6F
                         07B6-1FFF            100
        RAM              005B-006F             15           1
                         00A0-00EF             50
                         0110-016F             60
                         0190-01EF             60
        SFR0             0000-001F             20           1
        SFR1             0080-009F             20           1
        SFR2             0100-010F             10           1
        SFR3             0180-018F             10           1
        STRCODE          0003-0003              1           2
                         0491-04FF             6F
                         07B6-1FFF           184A
        STRING           0003-0003              1           2
                         0491-04FF             6F
                         07B6-1FFF            100

                                  Symbol Table

?___fltol                cstackCOMMON 0073
?___lldiv                cstackBANK0  0020
?___lwdiv                cstackBANK0  0020
?___lwmod                cstackBANK0  0028
?___wmul                 cstackCOMMON 0073
?___xxtofl               cstackBANK0  0028
?_map                    cstackBANK0  0036
?_sprintf                cstackBANK0  002E
UART_Init@baud_rate      cstackBANK0  0028
UART_Init@n              cstackBANK0  0030
UART_Print@data          cstackCOMMON 0074
UART_Print@i             cstackCOMMON 0077
UART_PutC@data           cstackCOMMON 0073
_ADCON0bits              (abs)        001F
_ADCON1bits              (abs)        009F
_ADRESH                  (abs)        001E
_ANSEL                   (abs)        0188
_ANSELH                  (abs)        0189
_CREN                    (abs)        00C4
_INTCONbits              (abs)        000B
_OERR                    (abs)        00C1
_OSCCON                  (abs)        008F
_PIE1bits                (abs)        008C
_PIR1bits                (abs)        000C
_PORTB                   (abs)        0006
_PORTCbits               (abs)        0007
_PORTD                   (abs)        0008
_RC6                     (abs)        003E
_RC7                     (abs)        003F
_RCIF                    (abs)        0065
_RCREG                   (abs)        001A
_RCSTA                   (abs)        0018
_RCSTAbits               (abs)        0018
_RD4                     (abs)        0044
_RD5                     (abs)        0045
_RD6                     (abs)        0046
_RD7                     (abs)        0047
_SPBRG                   (abs)        0099
_TRISB                   (abs)        0086
_TRISC6                  (abs)        043E
_TRISC7                  (abs)        043F
_TRISD                   (abs)        0088
_TRMT                    (abs)        04C1
_TXREG                   (abs)        0019
_TXSTA                   (abs)        0098
_UART_Data_Ready         text17       07AC
_UART_GetC               text16       0792
_UART_Init               text14       0379
_UART_Print              text7        06C0
_UART_PutC               text8        07A0
__Habs1                  abs1         0000
__Hbank0                 bank0        0000
__Hbank1                 bank1        0000
__Hbank2                 bank2        0000
__Hbank3                 bank3        0000
__HbssBANK0              bssBANK0     0000
__HbssCOMMON             bssCOMMON    0000
__Hcinit                 cinit        0018
__Hclrtext               clrtext      0000
__Hcode                  code         0000
__Hcommon                common       0000
__Hconfig                config       2009
__HcstackBANK0           cstackBANK0  0000
__HcstackCOMMON          cstackCOMMON 0000
__Heeprom_data           eeprom_data  0000
__Hend_init              end_init     000F
__Hfunctab               functab      0000
__Hidloc                 idloc        2004
__Hinit                  init         000C
__Hintentry              intentry     000C
__Hmaintext              maintext     0000
__Hpowerup               powerup      0000
__Hram                   ram          0000
__Hreset_vec             reset_vec    0003
__Hsfr0                  sfr0         0000
__Hsfr1                  sfr1         0000
__Hsfr2                  sfr2         0000
__Hsfr3                  sfr3         0000
__Hspace_0               (abs)        07B6
__Hspace_1               (abs)        007B
__Hspace_2               (abs)        0000
__Hspace_3               (abs)        0000
__Hspace_4               (abs)        4010
__Hstack                 stack        0000
__Hstrings               strings      0000
__Htext                  text         0000
__Labs1                  abs1         0000
__Lbank0                 bank0        0000
__Lbank1                 bank1        0000
__Lbank2                 bank2        0000
__Lbank3                 bank3        0000
__LbssBANK0              bssBANK0     0000
__LbssCOMMON             bssCOMMON    0000
__Lcinit                 cinit        000F
__Lclrtext               clrtext      0000
__Lcode                  code         0000
__Lcommon                common       0000
__Lconfig                config       0000
__LcstackBANK0           cstackBANK0  0000
__LcstackCOMMON          cstackCOMMON 0000
__Leeprom_data           eeprom_data  0000
__Lend_init              end_init     000C
__Lfunctab               functab      0000
__Lidloc                 idloc        0000
__Linit                  init         000C
__Lintentry              intentry     0004
__Lmaintext              maintext     0000
__Lpowerup               powerup      0000
__Lram                   ram          0000
__Lreset_vec             reset_vec    0000
__Lsfr0                  sfr0         0000
__Lsfr1                  sfr1         0000
__Lsfr2                  sfr2         0000
__Lsfr3                  sfr3         0000
__Lspace_0               (abs)        0000
__Lspace_1               (abs)        0000
__Lspace_2               (abs)        0000
__Lspace_3               (abs)        0000
__Lspace_4               (abs)        0000
__Lstack                 stack        0000
__Lstrings               strings      0000
__Ltext                  text         0000
__S0                     (abs)        07B6
__S1                     (abs)        007B
__S3                     (abs)        0000
___fltol                 text13       0419
___fltol@exp1            cstackCOMMON 0078
___fltol@f1              cstackCOMMON 0073
___fltol@sign1           cstackCOMMON 0077
___int_sp                stack        0000
___latbits               (abs)        0002
___lldiv                 text15       0570
___lldiv@counter         cstackCOMMON 0078
___lldiv@dividend        cstackBANK0  0024
___lldiv@divisor         cstackBANK0  0020
___lldiv@quotient        cstackCOMMON 0074
___lwdiv                 text12       063E
___lwdiv@counter         cstackBANK0  0025
___lwdiv@dividend        cstackBANK0  0022
___lwdiv@divisor         cstackBANK0  0020
___lwdiv@quotient        cstackBANK0  0026
___lwmod                 text4        0684
___lwmod@counter         cstackBANK0  002D
___lwmod@dividend        cstackBANK0  002A
___lwmod@divisor         cstackBANK0  0028
___sp                    stack        0000
___stackhi               (abs)        0000
___stacklo               (abs)        0000
___wmul                  text11       0713
___wmul@multiplicand     cstackCOMMON 0075
___wmul@multiplier       cstackCOMMON 0073
___wmul@product          cstackCOMMON 0077
___xxtofl                text10       02BF
___xxtofl@arg            cstackBANK0  0032
___xxtofl@exp            cstackBANK0  0031
___xxtofl@sign           cstackBANK0  0030
___xxtofl@val            cstackBANK0  0028
__end_of_UART_Data_Ready text17       07B6
__end_of_UART_GetC       text16       07A0
__end_of_UART_Init       text14       0419
__end_of_UART_Print      text7        06EB
__end_of_UART_PutC       text8        07AC
__end_of___fltol         text13       0491
__end_of___lldiv         text15       05D8
__end_of___lwdiv         text12       0684
__end_of___lwmod         text4        06C0
__end_of___wmul          text11       0738
__end_of___xxtofl        text10       0379
__end_of__initialization cinit        0014
__end_of__stringtab      strings      0510
__end_of_dpowers         strings      051A
__end_of_isdigit         text3        0792
__end_of_isr             text18       076D
__end_of_main            maintext     02BF
__end_of_map             text9        063E
__end_of_message         strings      0552
__end_of_message2        strings      0536
__end_of_preguntas       text6        0754
__end_of_setup           text5        0713
__end_of_sprintf         text2        019E
__end_of_uart_read       text1        0780
__initialization         cinit        000F
__pbssBANK0              bssBANK0     005A
__pbssCOMMON             bssCOMMON    0079
__pcstackBANK0           cstackBANK0  0020
__pcstackCOMMON          cstackCOMMON 0070
__pintentry              intentry     0004
__pmaintext              maintext     019E
__pstrings               strings      0500
__ptext1                 text1        076D
__ptext10                text10       02BF
__ptext11                text11       0713
__ptext12                text12       063E
__ptext13                text13       0419
__ptext14                text14       0379
__ptext15                text15       0570
__ptext16                text16       0792
__ptext17                text17       07AC
__ptext18                text18       0754
__ptext2                 text2        0018
__ptext3                 text3        0780
__ptext4                 text4        0684
__ptext5                 text5        06EB
__ptext6                 text6        0738
__ptext7                 text7        06C0
__ptext8                 text8        07A0
__ptext9                 text9        05D8
__stringbase             strings      050F
__stringtab              strings      0500
_dpowers                 strings      0510
_isdigit                 text3        0780
_isdigit$895             cstackCOMMON 0073
_isr                     text18       0754
_main                    maintext     019E
_map                     text9        05D8
_message                 strings      0536
_message2                strings      051A
_preguntas               text6        0738
_setup                   text5        06EB
_sprintf                 text2        0018
_uart_read               text1        076D
_valpot                  bssBANK0     005A
btemp                    (abs)        007E
end_of_initialization    cinit        0014
interrupt_function       intentry     0004
intlevel0                functab      0000
intlevel1                functab      0000
intlevel2                functab      0000
intlevel3                functab      0000
intlevel4                functab      0000
intlevel5                functab      0000
isdigit@c                cstackCOMMON 0074
main@c                   cstackBANK0  0059
main@text                cstackBANK0  004D
main@valuart             cstackBANK0  0058
main@varvolt2            cstackBANK0  0056
map@maxsal               cstackBANK0  003E
map@maxval               cstackBANK0  003A
map@minsal               cstackBANK0  003C
map@minval               cstackBANK0  0038
map@valmap               cstackBANK0  0046
map@varmap               cstackBANK0  0036
reset_vec                reset_vec    0000
saved_w                  (abs)        007E
sprintf@ap               cstackBANK0  0034
sprintf@c                cstackBANK0  003C
sprintf@f                cstackBANK0  002E
sprintf@flag             cstackBANK0  0035
sprintf@prec             cstackBANK0  0038
sprintf@sp               cstackBANK0  0039
sprintf@val              cstackBANK0  0036
sprintf@width            cstackBANK0  003A
start                    init         000C
start_initialization     cinit        000F
wtemp0                   (abs)        007E


MODULE INFORMATION

Module		Function		Class		Link	Load	Size
C:\Program Files\Microchip\xc8\v2.40\pic\sources\c90\common\fltol.c
		___fltol       		CODE           	0419	0000	120

C:\Program Files\Microchip\xc8\v2.40\pic\sources\c90\common\fltol.c estimated size: 120

C:\Program Files\Microchip\xc8\v2.40\pic\sources\c90\common\__lldiv.c
		___lldiv       		CODE           	0570	0000	104

C:\Program Files\Microchip\xc8\v2.40\pic\sources\c90\common\__lldiv.c estimated size: 104

C:\Program Files\Microchip\xc8\v2.40\pic\sources\c90\common\doprnt.c
		_sprintf       		CODE           	0018	0000	390

C:\Program Files\Microchip\xc8\v2.40\pic\sources\c90\common\doprnt.c estimated size: 390

USARTmodl.c
		_UART_Data_Ready		CODE           	07AC	0000	10
		_UART_Init     		CODE           	0379	0000	160
		_UART_GetC     		CODE           	0792	0000	14
		_UART_Print    		CODE           	06C0	0000	43
		_UART_PutC     		CODE           	07A0	0000	12

USARTmodl.c estimated size: 239

C:\Program Files\Microchip\xc8\v2.40\pic\sources\c90\common\Umul16.c
		___wmul        		CODE           	0713	0000	37

C:\Program Files\Microchip\xc8\v2.40\pic\sources\c90\common\Umul16.c estimated size: 37

C:\Program Files\Microchip\xc8\v2.40\pic\sources\c90\common\lwmod.c
		___lwmod       		CODE           	0684	0000	60

C:\Program Files\Microchip\xc8\v2.40\pic\sources\c90\common\lwmod.c estimated size: 60

postlab2.c
		_map           		CODE           	05D8	0000	102
		_main          		CODE           	019E	0000	289
		_uart_read     		CODE           	076D	0000	19
		_isr           		CODE           	0754	0000	25
		_preguntas     		CODE           	0738	0000	28
		_setup         		CODE           	06EB	0000	40

postlab2.c estimated size: 503

shared
		__stringtab    		STRING         	0500	0000	16
		_dpowers       		STRING         	0510	0000	10
		__initialization		CODE           	000F	0000	5
		_message       		STRING         	0536	0000	28
		_message2      		STRING         	051A	0000	28

shared estimated size: 87

C:\Program Files\Microchip\xc8\v2.40\pic\sources\c90\common\isdigit.c
		_isdigit       		CODE           	0780	0000	18

C:\Program Files\Microchip\xc8\v2.40\pic\sources\c90\common\isdigit.c estimated size: 18

C:\Program Files\Microchip\xc8\v2.40\pic\sources\c90\common\lwdiv.c
		___lwdiv       		CODE           	063E	0000	70

C:\Program Files\Microchip\xc8\v2.40\pic\sources\c90\common\lwdiv.c estimated size: 70

C:\Program Files\Microchip\xc8\v2.40\pic\sources\c90\common\xxtofl.c
		___xxtofl      		CODE           	02BF	0000	186

C:\Program Files\Microchip\xc8\v2.40\pic\sources\c90\common\xxtofl.c estimated size: 186

