Microchip MPLAB XC8 Compiler V2.40

Linker command line:

-W-3 \
  --edf=C:\Program Files\Microchip\xc8\v2.40\pic\dat\20220703182018_en.msgs \
  -cn -h+dist/default/production\Labsdigital2.X.production.sym \
  --cmf=dist/default/production\Labsdigital2.X.production.cmf -z -Q16F887 \
  -oC:\Users\diego\AppData\Local\Temp\xcAsiu0.4 --defsym=__MPLAB_BUILD=1 \
  --fixupoverflow=error \
  -Mdist/default/production/Labsdigital2.X.production.map \
  --md=C:\Users\diego\AppData\Local\Temp\xcAsiu0.dat -E1 -ver=XC8 Compiler \
  --acfsm=1493 -ACODE=00h-07FFhx4 -ASTRCODE=00h-01FFFh -ASTRING=00h-0FFhx32 \
  -ACONST=00h-0FFhx32 -AENTRY=00h-0FFhx32 -ACOMMON=070h-07Fh \
  -ABANK0=020h-06Fh -ABANK1=0A0h-0EFh -ABANK2=0110h-016Fh \
  -ABANK3=0190h-01EFh -ARAM=020h-06Fh,0A0h-0EFh,0110h-016Fh,0190h-01EFh \
  -AABS1=020h-07Fh,0A0h-0EFh,0110h-016Fh,0190h-01EFh -ASFR0=00h-01Fh \
  -ASFR1=080h-09Fh -ASFR2=0100h-010Fh -ASFR3=0180h-018Fh \
  -ACONFIG=02007h-02008h -DCONFIG=2 -AIDLOC=02000h-02003h -DIDLOC=2 \
  -AEEDATA=00h-0FFh/02100h -peeprom_data=EEDATA -DEEDATA=2 -DCODE=2 \
  -DSTRCODE=2 -DSTRING=2 -DCONST=2 -DENTRY=2 \
  -preset_vec=00h,intentry,init,end_init -ppowerup=CODE -pcinit=CODE \
  -pfunctab=ENTRY -k C:\Users\diego\AppData\Local\Temp\xcAsiu0.o \
  dist/default/production\Labsdigital2.X.production.o 

Object code version is 3.11

Machine type is 16F887



                Name                               Link     Load   Length Selector   Space Scale
C:\Users\diego\AppData\Local\Temp\xcAsiu0.o
                end_init                              0        0        3        0       0
                config                             2007     2007        2        0       4
                idloc                              2000     2000        4        0       5
dist/default/production\Labsdigital2.X.production.o
                cinit                               7FA      7FA        6      FF4       0
                config                             2007     2007        2        0       4
                idloc                              2000     2000        4        0       5
                text2                               7A8      7A8        C      F50       0
                text1                               7A2      7A2        6      F44       0
                maintext                            7B4      7B4       46      F68       0
                cstackCOMMON                         70       70        6       70       1
                bssCOMMON                            76       76        2       70       1
                strings                               3        3       15        6       0

TOTAL           Name                               Link     Load   Length     Space
        CLASS   CODE           
                end_init                              0        0        3         0
                cinit                               7FA      7FA        6         0
                text2                               7A8      7A8        C         0
                text1                               7A2      7A2        6         0
                maintext                            7B4      7B4       46         0

        CLASS   STRCODE        

        CLASS   STRING         
                strings                               3        3       15         0

        CLASS   CONST          

        CLASS   ENTRY          

        CLASS   COMMON         
                cstackCOMMON                         70       70        6         1
                bssCOMMON                            76       76        2         1

        CLASS   BANK0          

        CLASS   BANK1          

        CLASS   BANK2          

        CLASS   BANK3          

        CLASS   RAM            

        CLASS   ABS1           
                abs_s1                               7E       7E        2         1

        CLASS   SFR0           

        CLASS   SFR1           

        CLASS   SFR2           

        CLASS   SFR3           

        CLASS   CONFIG         
                config                             2007     2007        2         4

        CLASS   IDLOC          
                idloc                              2000     2000        4         5

        CLASS   EEDATA         

        CLASS   STACK          



SEGMENTS        Name                           Load    Length   Top    Selector   Space  Class     Delta

                reset_vec                      000000  000003  000003         0       0  CODE        2
                strings                        000003  000015  000018         6       0  STRING      2
                cstackCOMMON                   000070  000008  000078        70       1  COMMON      1
                text1                          0007A2  000006  0007A8       F44       0  CODE        2
                text2                          0007A8  00000C  0007B4       F50       0  CODE        2
                maintext                       0007B4  000046  0007FA       F68       0  CODE        2
                cinit                          0007FA  000006  000800       FF4       0  CODE        2


UNUSED ADDRESS RANGES

        Name                Unused          Largest block    Delta
        BANK0            0020-006F             50           1
        BANK1            00A0-00EF             50           1
        BANK2            0110-016F             60           1
        BANK3            0190-01EF             60           1
        CODE             0018-07A1            78A           2
                         0800-1FFF            800
        COMMON           0078-007D              6           1
        CONST            0018-07A1            100           2
                         0800-1FFF            100
        EEDATA           2100-21FF            100           2
        ENTRY            0018-07A1            100           2
                         0800-1FFF            100
        RAM              0020-006F             50           1
                         00A0-00EF             50
                         0110-016F             60
                         0190-01EF             60
        SFR0             0000-001F             20           1
        SFR1             0080-009F             20           1
        SFR2             0100-010F             10           1
        SFR3             0180-018F             10           1
        STRCODE          0018-07A1            78A           2
                         0800-1FFF           1800
        STRING           0018-07A1            100           2
                         0800-1FFF            100

                                  Symbol Table

SPI_Write@incoming             cstackCOMMON 0070
_CREN                          (abs)        00C4
_OERR                          (abs)        00C1
_PORTD                         (abs)        0008
_PORTDbits                     (abs)        0008
_RC6                           (abs)        003E
_RC7                           (abs)        003F
_RCIF                          (abs)        0065
_RCREG                         (abs)        001A
_RCSTA                         (abs)        0018
_RD3                           (abs)        0043
_RD4                           (abs)        0044
_RD5                           (abs)        0045
_RD6                           (abs)        0046
_RD7                           (abs)        0047
_SPBRG                         (abs)        0099
_SPI_Initialize_Master         text2        07A8
_SPI_Write                     text1        07A2
_SSPBUF                        (abs)        0013
_SSPCON                        (abs)        0014
_SSPSTAT                       (abs)        0094
_SSPSTATbits                   (abs)        0094
_TRISC3                        (abs)        043B
_TRISC5                        (abs)        043D
_TRISC6                        (abs)        043E
_TRISC7                        (abs)        043F
_TRISD                         (abs)        0088
_TRMT                          (abs)        04C1
_TXREG                         (abs)        0019
_TXSTA                         (abs)        0098
__Habs1                        abs1         0000
__Hbank0                       bank0        0000
__Hbank1                       bank1        0000
__Hbank2                       bank2        0000
__Hbank3                       bank3        0000
__HbssCOMMON                   bssCOMMON    0000
__Hcinit                       cinit        0800
__Hclrtext                     clrtext      0000
__Hcode                        code         0000
__Hcommon                      common       0000
__Hconfig                      config       2009
__HcstackCOMMON                cstackCOMMON 0000
__Heeprom_data                 eeprom_data  0000
__Hend_init                    end_init     0003
__Hfunctab                     functab      0000
__Hidloc                       idloc        2004
__Hinit                        init         0000
__Hintentry                    intentry     0000
__Hmaintext                    maintext     0000
__Hpowerup                     powerup      0000
__Hram                         ram          0000
__Hreset_vec                   reset_vec    0000
__Hsfr0                        sfr0         0000
__Hsfr1                        sfr1         0000
__Hsfr2                        sfr2         0000
__Hsfr3                        sfr3         0000
__Hspace_0                     (abs)        0800
__Hspace_1                     (abs)        0078
__Hspace_2                     (abs)        0000
__Hspace_3                     (abs)        0000
__Hspace_4                     (abs)        4010
__Hstack                       stack        0000
__Hstrings                     strings      0000
__Htext                        text         0000
__Labs1                        abs1         0000
__Lbank0                       bank0        0000
__Lbank1                       bank1        0000
__Lbank2                       bank2        0000
__Lbank3                       bank3        0000
__LbssCOMMON                   bssCOMMON    0000
__Lcinit                       cinit        07FA
__Lclrtext                     clrtext      0000
__Lcode                        code         0000
__Lcommon                      common       0000
__Lconfig                      config       0000
__LcstackCOMMON                cstackCOMMON 0000
__Leeprom_data                 eeprom_data  0000
__Lend_init                    end_init     0000
__Lfunctab                     functab      0000
__Lidloc                       idloc        0000
__Linit                        init         0000
__Lintentry                    intentry     0000
__Lmaintext                    maintext     0000
__Lpowerup                     powerup      0000
__Lram                         ram          0000
__Lreset_vec                   reset_vec    0000
__Lsfr0                        sfr0         0000
__Lsfr1                        sfr1         0000
__Lsfr2                        sfr2         0000
__Lsfr3                        sfr3         0000
__Lspace_0                     (abs)        0000
__Lspace_1                     (abs)        0000
__Lspace_2                     (abs)        0000
__Lspace_3                     (abs)        0000
__Lspace_4                     (abs)        0000
__Lstack                       stack        0000
__Lstrings                     strings      0000
__Ltext                        text         0000
__S0                           (abs)        0800
__S1                           (abs)        0078
__S3                           (abs)        0000
___int_sp                      stack        0000
___latbits                     (abs)        0002
___sp                          stack        0000
___stackhi                     (abs)        0000
___stacklo                     (abs)        0000
__end_of_SPI_Initialize_Master text2        07B4
__end_of_SPI_Write             text1        07A8
__end_of__initialization       cinit        07FC
__end_of__stringtab            strings      0009
__end_of_main                  maintext     07FA
__end_of_message               strings      0018
__initialization               cinit        07FA
__pbssCOMMON                   bssCOMMON    0076
__pcstackCOMMON                cstackCOMMON 0070
__pmaintext                    maintext     07B4
__pstrings                     strings      0003
__ptext1                       text1        07A2
__ptext2                       text2        07A8
__stringbase                   strings      0008
__stringtab                    strings      0003
_main                          maintext     07B4
btemp                          (abs)        007E
end_of_initialization          cinit        07FC
intlevel0                      functab      0000
intlevel1                      functab      0000
intlevel2                      functab      0000
intlevel3                      functab      0000
intlevel4                      functab      0000
intlevel5                      functab      0000
main@a                         cstackCOMMON 0074
reset_vec                      reset_vec    0000
start                          init         0000
start_initialization           cinit        07FA
wtemp0                         (abs)        007E


MODULE INFORMATION

Module		Function		Class		Link	Load	Size
Prelab3masterp.c
		_main          		CODE           	07B4	0000	70
		_SPI_Initialize_Master		CODE           	07A8	0000	12
		_SPI_Write     		CODE           	07A2	0000	6

Prelab3masterp.c estimated size: 88

shared
		__stringtab    		STRING         	0003	0000	6
		__initialization		CODE           	07FA	0000	2
		_message       		STRING         	0000	0000	0

shared estimated size: 8

